<?xml version="1.0" encoding="UTF-8"?>
<testsuites name="bun test" tests="450" assertions="2293" failures="0" skipped="1" time="26.787537816">
  <testsuite name="packages/sidflow-common/test/fs.test.ts" file="packages/sidflow-common/test/fs.test.ts" tests="3" assertions="3" failures="0" skipped="0" time="0" hostname="mickey">
    <testsuite name="fs helpers" file="packages/sidflow-common/test/fs.test.ts" line="11" tests="3" assertions="3" failures="0" skipped="0" time="0" hostname="mickey">
      <testcase name="ensures directories exist" classname="fs helpers" time="0" file="packages/sidflow-common/test/fs.test.ts" line="12" assertions="1" />
      <testcase name="returns false when path is missing" classname="fs helpers" time="0.001" file="packages/sidflow-common/test/fs.test.ts" line="22" assertions="1" />
      <testcase name="rethrows unexpected filesystem errors" classname="fs helpers" time="0" file="packages/sidflow-common/test/fs.test.ts" line="31" assertions="1" />
    </testsuite>
  </testsuite>
  <testsuite name="packages/sidflow-common/test/ratings.test.ts" file="packages/sidflow-common/test/ratings.test.ts" tests="5" assertions="10" failures="0" skipped="0" time="0" hostname="mickey">
    <testsuite name="ratings" file="packages/sidflow-common/test/ratings.test.ts" line="4" tests="5" assertions="10" failures="0" skipped="0" time="0" hostname="mickey">
      <testcase name="clampRating returns value within range" classname="ratings" time="0" file="packages/sidflow-common/test/ratings.test.ts" line="5" assertions="3" />
      <testcase name="clampRating clamps values below minimum" classname="ratings" time="0" file="packages/sidflow-common/test/ratings.test.ts" line="11" assertions="2" />
      <testcase name="clampRating clamps values above maximum" classname="ratings" time="0" file="packages/sidflow-common/test/ratings.test.ts" line="16" assertions="2" />
      <testcase name="clampRating returns default for NaN" classname="ratings" time="0.001" file="packages/sidflow-common/test/ratings.test.ts" line="21" assertions="1" />
      <testcase name="clampRating handles decimal values" classname="ratings" time="0" file="packages/sidflow-common/test/ratings.test.ts" line="25" assertions="2" />
    </testsuite>
  </testsuite>
  <testsuite name="packages/sidflow-common/test/tags.test.ts" file="packages/sidflow-common/test/tags.test.ts" tests="11" assertions="11" failures="0" skipped="0" time="0" hostname="mickey">
    <testsuite name="tag path helpers" file="packages/sidflow-common/test/tags.test.ts" line="14" tests="11" assertions="11" failures="0" skipped="0" time="0" hostname="mickey">
      <testcase name="computes relative sid paths" classname="tag path helpers" time="0" file="packages/sidflow-common/test/tags.test.ts" line="18" assertions="1" />
      <testcase name="throws when sid file is outside hvsc path" classname="tag path helpers" time="0" file="packages/sidflow-common/test/tags.test.ts" line="25" assertions="1" />
      <testcase name="resolves manual tag path mirroring hvsc layout" classname="tag path helpers" time="0" file="packages/sidflow-common/test/tags.test.ts" line="31" assertions="1" />
      <testcase name="resolves metadata path beside manual tags" classname="tag path helpers" time="0" file="packages/sidflow-common/test/tags.test.ts" line="38" assertions="1" />
      <testcase name="computes auto-tag directory using classification depth" classname="tag path helpers" time="0" file="packages/sidflow-common/test/tags.test.ts" line="45" assertions="1" />
      <testcase name="falls back to tags root when depth exceeds path segments" classname="tag path helpers" time="0" file="packages/sidflow-common/test/tags.test.ts" line="52" assertions="1" />
      <testcase name="builds auto-tag file path" classname="tag path helpers" time="0" file="packages/sidflow-common/test/tags.test.ts" line="57" assertions="1" />
      <testcase name="computes auto-tag keys with POSIX separators" classname="tag path helpers" time="0.001" file="packages/sidflow-common/test/tags.test.ts" line="64" assertions="1" />
      <testcase name="uses filename when there are no directory segments" classname="tag path helpers" time="0" file="packages/sidflow-common/test/tags.test.ts" line="69" assertions="1" />
      <testcase name="normalises to posix separators" classname="tag path helpers" time="0" file="packages/sidflow-common/test/tags.test.ts" line="73" assertions="1" />
      <testcase name="handles empty path in toPosixRelative" classname="tag path helpers" time="0" file="packages/sidflow-common/test/tags.test.ts" line="78" assertions="1" />
    </testsuite>
  </testsuite>
  <testsuite name="packages/sidflow-common/test/songlengths.test.ts" file="packages/sidflow-common/test/songlengths.test.ts" tests="2" assertions="4" failures="0" skipped="0" time="0" hostname="mickey">
    <testsuite name="songlength helpers" file="packages/sidflow-common/test/songlengths.test.ts" line="16" tests="2" assertions="4" failures="0" skipped="0" time="0.004" hostname="mickey">
      <testcase name="parses fractional durations into milliseconds" classname="songlength helpers" time="0" file="packages/sidflow-common/test/songlengths.test.ts" line="25" assertions="1" />
      <testcase name="resolves catalog durations and MD5 fallbacks" classname="songlength helpers" time="0.005" file="packages/sidflow-common/test/songlengths.test.ts" line="30" assertions="3" />
    </testsuite>
  </testsuite>
  <testsuite name="packages/sidflow-common/test/config.test.ts" file="packages/sidflow-common/test/config.test.ts" tests="11" assertions="13" failures="0" skipped="0" time="0" hostname="mickey">
    <testsuite name="config" file="packages/sidflow-common/test/config.test.ts" line="15" tests="11" assertions="13" failures="0" skipped="0" time="0" hostname="mickey">
      <testcase name="loads and caches config" classname="config" time="0.001" file="packages/sidflow-common/test/config.test.ts" line="30" assertions="2" />
      <testcase name="treats sidplayPath as optional" classname="config" time="0" file="packages/sidflow-common/test/config.test.ts" line="56" assertions="2" />
      <testcase name="throws SidflowConfigError for malformed config" classname="config" time="0.001" file="packages/sidflow-common/test/config.test.ts" line="72" assertions="1" />
      <testcase name="throws when getCachedConfig is called before loadConfig" classname="config" time="0.001" file="packages/sidflow-common/test/config.test.ts" line="77" assertions="1" />
      <testcase name="throws SidflowConfigError for non-existent config file" classname="config" time="0" file="packages/sidflow-common/test/config.test.ts" line="81" assertions="1" />
      <testcase name="throws SidflowConfigError for invalid JSON" classname="config" time="0" file="packages/sidflow-common/test/config.test.ts" line="86" assertions="1" />
      <testcase name="throws SidflowConfigError for non-object config" classname="config" time="0" file="packages/sidflow-common/test/config.test.ts" line="91" assertions="1" />
      <testcase name="throws SidflowConfigError for missing required string fields" classname="config" time="0.001" file="packages/sidflow-common/test/config.test.ts" line="96" assertions="1" />
      <testcase name="throws SidflowConfigError for invalid threads value" classname="config" time="0" file="packages/sidflow-common/test/config.test.ts" line="109" assertions="1" />
      <testcase name="throws SidflowConfigError for non-integer threads" classname="config" time="0" file="packages/sidflow-common/test/config.test.ts" line="122" assertions="1" />
      <testcase name="throws SidflowConfigError for invalid classificationDepth value" classname="config" time="0" file="packages/sidflow-common/test/config.test.ts" line="135" assertions="1" />
    </testsuite>
  </testsuite>
  <testsuite name="packages/sidflow-common/test/json.test.ts" file="packages/sidflow-common/test/json.test.ts" tests="2" assertions="3" failures="0" skipped="0" time="0" hostname="mickey">
    <testsuite name="json" file="packages/sidflow-common/test/json.test.ts" line="4" tests="2" assertions="3" failures="0" skipped="0" time="0" hostname="mickey">
      <testcase name="sorts object keys recursively" classname="json" time="0" file="packages/sidflow-common/test/json.test.ts" line="5" assertions="2" />
      <testcase name="serializes deterministically" classname="json" time="0.001" file="packages/sidflow-common/test/json.test.ts" line="20" assertions="1" />
    </testsuite>
  </testsuite>
  <testsuite name="packages/sidflow-common/test/retry.test.ts" file="packages/sidflow-common/test/retry.test.ts" tests="6" assertions="11" failures="0" skipped="0" time="0" hostname="mickey">
    <testsuite name="retry" file="packages/sidflow-common/test/retry.test.ts" line="5" tests="6" assertions="11" failures="0" skipped="0" time="0.005" hostname="mickey">
      <testcase name="resolves on the first attempt" classname="retry" time="0" file="packages/sidflow-common/test/retry.test.ts" line="6" assertions="1" />
      <testcase name="retries until success within the limit" classname="retry" time="0.001" file="packages/sidflow-common/test/retry.test.ts" line="11" assertions="2" />
      <testcase name="propagates error after exhausting retries" classname="retry" time="0" file="packages/sidflow-common/test/retry.test.ts" line="25" assertions="2" />
      <testcase name="awaits onRetry hooks" classname="retry" time="0" file="packages/sidflow-common/test/retry.test.ts" line="34" assertions="2" />
      <testcase name="delays between retries when requested" classname="retry" time="0.006" file="packages/sidflow-common/test/retry.test.ts" line="49" assertions="2" />
      <testcase name="does not delay when delayMs is 0" classname="retry" time="0" file="packages/sidflow-common/test/retry.test.ts" line="60" assertions="2" />
    </testsuite>
  </testsuite>
  <testsuite name="packages/sidflow-common/test/archive.test.ts" file="packages/sidflow-common/test/archive.test.ts" tests="3" assertions="4" failures="0" skipped="0" time="0" hostname="mickey">
    <testsuite name="archive helpers" file="packages/sidflow-common/test/archive.test.ts" line="31" tests="3" assertions="4" failures="0" skipped="0" time="0" hostname="mickey">
      <testcase name="extracts an archive using seven zip" classname="archive helpers" time="0.001" file="packages/sidflow-common/test/archive.test.ts" line="32" assertions="1" />
      <testcase name="creates an archive from a directory" classname="archive helpers" time="0.001" file="packages/sidflow-common/test/archive.test.ts" line="37" assertions="1" />
      <testcase name="wraps errors with descriptive context" classname="archive helpers" time="0" file="packages/sidflow-common/test/archive.test.ts" line="42" assertions="2" />
    </testsuite>
  </testsuite>
  <testsuite name="packages/sidflow-common/test/recommender.test.ts" file="packages/sidflow-common/test/recommender.test.ts" tests="22" assertions="135" failures="0" skipped="0" time="0" hostname="mickey">
    <testsuite name="RecommendationEngine" file="packages/sidflow-common/test/recommender.test.ts" line="27" tests="22" assertions="135" failures="0" skipped="0" time="0.071" hostname="mickey">
      <testcase name="createRecommendationEngine creates instance" classname="RecommendationEngine" time="0" file="packages/sidflow-common/test/recommender.test.ts" line="117" assertions="1" />
      <testcase name="connect initializes database connection" classname="RecommendationEngine" time="0.001" file="packages/sidflow-common/test/recommender.test.ts" line="122" assertions="0" />
      <testcase name="recommend with quiet mood preset returns appropriate songs" classname="RecommendationEngine" time="0.011" file="packages/sidflow-common/test/recommender.test.ts" line="128" assertions="8" />
      <testcase name="recommend with energetic mood preset returns high-energy songs" classname="RecommendationEngine" time="0.005" file="packages/sidflow-common/test/recommender.test.ts" line="152" assertions="2" />
      <testcase name="recommend with custom seed vector works" classname="RecommendationEngine" time="0.005" file="packages/sidflow-common/test/recommender.test.ts" line="170" assertions="2" />
      <testcase name="scoring weights affect recommendation order" classname="RecommendationEngine" time="0.006" file="packages/sidflow-common/test/recommender.test.ts" line="185" assertions="3" />
      <testcase name="diversity filter prevents similar consecutive songs" classname="RecommendationEngine" time="0.004" file="packages/sidflow-common/test/recommender.test.ts" line="212" assertions="8" />
      <testcase name="exploration factor affects recommendation diversity" classname="RecommendationEngine" time="0.007" file="packages/sidflow-common/test/recommender.test.ts" line="239" assertions="3" />
      <testcase name="BPM range filter works" classname="RecommendationEngine" time="0.003" file="packages/sidflow-common/test/recommender.test.ts" line="268" assertions="7" />
      <testcase name="energy range filter works" classname="RecommendationEngine" time="0.005" file="packages/sidflow-common/test/recommender.test.ts" line="292" assertions="9" />
      <testcase name="mood range filter works" classname="RecommendationEngine" time="0.004" file="packages/sidflow-common/test/recommender.test.ts" line="313" assertions="9" />
      <testcase name="complexity range filter works" classname="RecommendationEngine" time="0.004" file="packages/sidflow-common/test/recommender.test.ts" line="334" assertions="5" />
      <testcase name="recommendations include feedback statistics" classname="RecommendationEngine" time="0.003" file="packages/sidflow-common/test/recommender.test.ts" line="355" assertions="16" />
      <testcase name="recommendations include extracted features" classname="RecommendationEngine" time="0.004" file="packages/sidflow-common/test/recommender.test.ts" line="377" assertions="4" />
      <testcase name="limit parameter controls result count" classname="RecommendationEngine" time="0.008" file="packages/sidflow-common/test/recommender.test.ts" line="399" assertions="3" />
      <testcase name="k parameter affects candidate pool size" classname="RecommendationEngine" time="0.006" file="packages/sidflow-common/test/recommender.test.ts" line="413" assertions="2" />
      <testcase name="mood presets are all defined" classname="RecommendationEngine" time="0" file="packages/sidflow-common/test/recommender.test.ts" line="437" assertions="42" />
      <testcase name="recommendations are sorted by score descending" classname="RecommendationEngine" time="0.005" file="packages/sidflow-common/test/recommender.test.ts" line="456" assertions="5" />
      <testcase name="song feedback scoring considers likes, dislikes, and skips" classname="RecommendationEngine" time="0.005" file="packages/sidflow-common/test/recommender.test.ts" line="475" assertions="2" />
      <testcase name="user affinity considers preference ratings" classname="RecommendationEngine" time="0.003" file="packages/sidflow-common/test/recommender.test.ts" line="495" assertions="2" />
      <testcase name="handles database with no tables gracefully" classname="RecommendationEngine" time="0.001" file="packages/sidflow-common/test/recommender.test.ts" line="516" assertions="1" />
      <testcase name="throws error when recommending before connecting" classname="RecommendationEngine" time="0" file="packages/sidflow-common/test/recommender.test.ts" line="529" assertions="1" />
    </testsuite>
  </testsuite>
  <testsuite name="packages/sidflow-common/test/feedback.test.ts" file="packages/sidflow-common/test/feedback.test.ts" tests="11" assertions="29" failures="0" skipped="0" time="0" hostname="mickey">
    <testsuite name="feedback logging" file="packages/sidflow-common/test/feedback.test.ts" line="13" tests="11" assertions="29" failures="0" skipped="0" time="0.005" hostname="mickey">
      <testcase name="logFeedback creates date-partitioned JSONL files" classname="feedback logging" time="0.006" file="packages/sidflow-common/test/feedback.test.ts" line="24" assertions="5" />
      <testcase name="logFeedback includes UUID when provided" classname="feedback logging" time="0.001" file="packages/sidflow-common/test/feedback.test.ts" line="47" assertions="1" />
      <testcase name="logFeedback appends to existing files" classname="feedback logging" time="0.001" file="packages/sidflow-common/test/feedback.test.ts" line="64" assertions="3" />
      <testcase name="logFeedback supports all action types" classname="feedback logging" time="0.001" file="packages/sidflow-common/test/feedback.test.ts" line="98" assertions="1" />
      <testcase name="logFeedbackBatch logs multiple events" classname="feedback logging" time="0.001" file="packages/sidflow-common/test/feedback.test.ts" line="123" assertions="1" />
      <testcase name="generateEventId creates unique UUIDs" classname="feedback logging" time="0" file="packages/sidflow-common/test/feedback.test.ts" line="137" assertions="4" />
      <testcase name="validateFeedbackLogs validates correct logs" classname="feedback logging" time="0.001" file="packages/sidflow-common/test/feedback.test.ts" line="147" assertions="4" />
      <testcase name="validateFeedbackLogs detects duplicate UUIDs" classname="feedback logging" time="0.001" file="packages/sidflow-common/test/feedback.test.ts" line="173" assertions="2" />
      <testcase name="validateFeedbackLogs detects invalid records" classname="feedback logging" time="0" file="packages/sidflow-common/test/feedback.test.ts" line="200" assertions="3" />
      <testcase name="validateFeedbackLogs handles empty directories" classname="feedback logging" time="0.001" file="packages/sidflow-common/test/feedback.test.ts" line="220" assertions="3" />
      <testcase name="validateFeedbackLogs detects missing required fields" classname="feedback logging" time="0" file="packages/sidflow-common/test/feedback.test.ts" line="230" assertions="2" />
    </testsuite>
  </testsuite>
  <testsuite name="packages/sidflow-common/test/logger.test.ts" file="packages/sidflow-common/test/logger.test.ts" tests="1" assertions="3" failures="0" skipped="0" time="0" hostname="mickey">
    <testsuite name="logger" file="packages/sidflow-common/test/logger.test.ts" line="6" tests="1" assertions="3" failures="0" skipped="0" time="0" hostname="mickey">
      <testcase name="prefixes messages" classname="logger" time="0.001" file="packages/sidflow-common/test/logger.test.ts" line="30" assertions="3" />
    </testsuite>
  </testsuite>
  <testsuite name="packages/sidflow-common/test/lancedb-builder.test.ts" file="packages/sidflow-common/test/lancedb-builder.test.ts" tests="8" assertions="24" failures="0" skipped="0" time="0" hostname="mickey">
    <testsuite name="buildDatabase" file="packages/sidflow-common/test/lancedb-builder.test.ts" line="8" tests="5" assertions="11" failures="0" skipped="0" time="0.014" hostname="mickey">
      <testcase name="builds database from empty directories" classname="buildDatabase" time="0.001" file="packages/sidflow-common/test/lancedb-builder.test.ts" line="25" assertions="4" />
      <testcase name="builds database from classification records" classname="buildDatabase" time="0.006" file="packages/sidflow-common/test/lancedb-builder.test.ts" line="39" assertions="3" />
      <testcase name="aggregates feedback events by SID path" classname="buildDatabase" time="0.004" file="packages/sidflow-common/test/lancedb-builder.test.ts" line="78" assertions="2" />
      <testcase name="creates rating vectors with default preference value" classname="buildDatabase" time="0.004" file="packages/sidflow-common/test/lancedb-builder.test.ts" line="134" assertions="1" />
      <testcase name="handles JSONL files with invalid JSON lines" classname="buildDatabase" time="0.004" file="packages/sidflow-common/test/lancedb-builder.test.ts" line="167" assertions="1" />
    </testsuite>
    <testsuite name="generateManifest" file="packages/sidflow-common/test/lancedb-builder.test.ts" line="197" tests="3" assertions="13" failures="0" skipped="0" time="0" hostname="mickey">
      <testcase name="generates manifest with checksums and statistics" classname="generateManifest" time="0.001" file="packages/sidflow-common/test/lancedb-builder.test.ts" line="216" assertions="10" />
      <testcase name="computes checksums for empty directories" classname="generateManifest" time="0.001" file="packages/sidflow-common/test/lancedb-builder.test.ts" line="248" assertions="2" />
      <testcase name="computes deterministic checksums" classname="generateManifest" time="0.001" file="packages/sidflow-common/test/lancedb-builder.test.ts" line="268" assertions="1" />
    </testsuite>
  </testsuite>
  <testsuite name="packages/sidflow-common/test/wasm-build.test.ts" file="packages/sidflow-common/test/wasm-build.test.ts" tests="6" assertions="12" failures="0" skipped="0" time="0" hostname="mickey">
    <testsuite name="wasm-build metadata helpers" file="packages/sidflow-common/test/wasm-build.test.ts" line="32" tests="6" assertions="12" failures="0" skipped="0" time="0" hostname="mickey">
      <testcase name="reads metadata from disk" classname="wasm-build metadata helpers" time="0.001" file="packages/sidflow-common/test/wasm-build.test.ts" line="45" assertions="1" />
      <testcase name="serializes metadata deterministically" classname="wasm-build metadata helpers" time="0" file="packages/sidflow-common/test/wasm-build.test.ts" line="53" assertions="2" />
      <testcase name="identifies when a build can be skipped" classname="wasm-build metadata helpers" time="0" file="packages/sidflow-common/test/wasm-build.test.ts" line="63" assertions="3" />
      <testcase name="records upstream checks without mutating the original metadata" classname="wasm-build metadata helpers" time="0.001" file="packages/sidflow-common/test/wasm-build.test.ts" line="78" assertions="4" />
      <testcase name="marks builds as complete" classname="wasm-build metadata helpers" time="0" file="packages/sidflow-common/test/wasm-build.test.ts" line="87" assertions="1" />
      <testcase name="exposes a default metadata path" classname="wasm-build metadata helpers" time="0" file="packages/sidflow-common/test/wasm-build.test.ts" line="98" assertions="1" />
    </testsuite>
  </testsuite>
  <testsuite name="packages/sidflow-common/test/sid-parser.test.ts" file="packages/sidflow-common/test/sid-parser.test.ts" tests="10" assertions="52" failures="0" skipped="0" time="0" hostname="mickey">
    <testsuite name="SID parser" file="packages/sidflow-common/test/sid-parser.test.ts" line="4" tests="10" assertions="52" failures="0" skipped="0" time="0" hostname="mickey">
      <testcase name="parses a minimal v1 PSID file" classname="SID parser" time="0" file="packages/sidflow-common/test/sid-parser.test.ts" line="5" assertions="12" />
      <testcase name="parses a v2 PSID file with clock and SID model" classname="SID parser" time="0" file="packages/sidflow-common/test/sid-parser.test.ts" line="58" assertions="7" />
      <testcase name="parses a v3 RSID file with multiple SID chips" classname="SID parser" time="0" file="packages/sidflow-common/test/sid-parser.test.ts" line="108" assertions="7" />
      <testcase name="parses a v4 PSID file with three SID chips" classname="SID parser" time="0" file="packages/sidflow-common/test/sid-parser.test.ts" line="162" assertions="9" />
      <testcase name="converts metadata to JSON format" classname="SID parser" time="0.001" file="packages/sidflow-common/test/sid-parser.test.ts" line="222" assertions="12" />
      <testcase name="rejects files that are too small" classname="SID parser" time="0" file="packages/sidflow-common/test/sid-parser.test.ts" line="254" assertions="1" />
      <testcase name="rejects v2+ files that are too small" classname="SID parser" time="0" file="packages/sidflow-common/test/sid-parser.test.ts" line="259" assertions="1" />
      <testcase name="rejects invalid magic IDs" classname="SID parser" time="0" file="packages/sidflow-common/test/sid-parser.test.ts" line="269" assertions="1" />
      <testcase name="rejects invalid version numbers" classname="SID parser" time="0" file="packages/sidflow-common/test/sid-parser.test.ts" line="275" assertions="1" />
      <testcase name="rejects invalid song counts" classname="SID parser" time="0" file="packages/sidflow-common/test/sid-parser.test.ts" line="282" assertions="1" />
    </testsuite>
  </testsuite>
  <testsuite name="packages/sidflow-rate/test/index.test.ts" file="packages/sidflow-rate/test/index.test.ts" tests="5" assertions="9" failures="0" skipped="0" time="0" hostname="mickey">
    <testsuite name="planTagSession" file="packages/sidflow-rate/test/index.test.ts" line="18" tests="1" assertions="1" failures="0" skipped="0" time="0" hostname="mickey">
      <testcase name="creates tagging plan with defaults" classname="planTagSession" time="0.001" file="packages/sidflow-rate/test/index.test.ts" line="19" assertions="1" />
    </testsuite>
    <testsuite name="tagging workflow helpers" file="packages/sidflow-rate/test/index.test.ts" line="38" tests="4" assertions="8" failures="0" skipped="0" time="0" hostname="mickey">
      <testcase name="resolves tag file paths relative to HVSC root" classname="tagging workflow helpers" time="0" file="packages/sidflow-rate/test/index.test.ts" line="39" assertions="1" />
      <testcase name="finds untagged SIDs and skips tagged ones" classname="tagging workflow helpers" time="0.001" file="packages/sidflow-rate/test/index.test.ts" line="47" assertions="1" />
      <testcase name="writes deterministic manual tag files" classname="tagging workflow helpers" time="0" file="packages/sidflow-rate/test/index.test.ts" line="67" assertions="1" />
      <testcase name="interprets keyboard sequences for slider updates and actions" classname="tagging workflow helpers" time="0" file="packages/sidflow-rate/test/index.test.ts" line="80" assertions="5" />
    </testsuite>
  </testsuite>
  <testsuite name="packages/sidflow-classify/test/auto-tags.test.ts" file="packages/sidflow-classify/test/auto-tags.test.ts" tests="2" assertions="23" failures="0" skipped="0" time="0" hostname="mickey">
    <testsuite name="generateAutoTags" file="packages/sidflow-classify/test/auto-tags.test.ts" line="35" tests="2" assertions="23" failures="0" skipped="0" time="0.009" hostname="mickey">
      <testcase name="merges manual and auto tags respecting precedence" classname="generateAutoTags" time="0.008" file="packages/sidflow-classify/test/auto-tags.test.ts" line="36" assertions="15" />
      <testcase name="fills missing manual fields using predictions" classname="generateAutoTags" time="0.003" file="packages/sidflow-classify/test/auto-tags.test.ts" line="123" assertions="8" />
    </testsuite>
  </testsuite>
  <testsuite name="packages/sidflow-classify/test/index.test.ts" file="packages/sidflow-classify/test/index.test.ts" tests="16" assertions="88" failures="0" skipped="0" time="0" hostname="mickey">
    <testsuite name="planClassification" file="packages/sidflow-classify/test/index.test.ts" line="46" tests="1" assertions="3" failures="0" skipped="0" time="0" hostname="mickey">
      <testcase name="maps config into plan" classname="planClassification" time="0.001" file="packages/sidflow-classify/test/index.test.ts" line="47" assertions="3" />
    </testsuite>
    <testsuite name="classification helpers" file="packages/sidflow-classify/test/index.test.ts" line="68" tests="8" assertions="55" failures="0" skipped="0" time="0.016" hostname="mickey">
      <testcase name="resolves wav paths mirroring HVSC layout" classname="classification helpers" time="0" file="packages/sidflow-classify/test/index.test.ts" line="69" assertions="1" />
      <testcase name="resolves wav paths with song index" classname="classification helpers" time="0" file="packages/sidflow-classify/test/index.test.ts" line="84" assertions="2" />
      <testcase name="collects sid files recursively" classname="classification helpers" time="0.001" file="packages/sidflow-classify/test/index.test.ts" line="102" assertions="1" />
      <testcase name="detects when wav cache needs refresh" classname="classification helpers" time="0.013" file="packages/sidflow-classify/test/index.test.ts" line="116" assertions="5" />
      <testcase name="builds wav cache using injected renderer" classname="classification helpers" time="0.003" file="packages/sidflow-classify/test/index.test.ts" line="155" assertions="17" />
      <testcase name="reports progress during WAV cache building" classname="classification helpers" time="0.002" file="packages/sidflow-classify/test/index.test.ts" line="212" assertions="17" />
      <testcase name="handles multi-song SID files" classname="classification helpers" time="0.002" file="packages/sidflow-classify/test/index.test.ts" line="261" assertions="11" />
      <testcase name="passes HVSC song lengths to renderer" classname="classification helpers" time="0.001" file="packages/sidflow-classify/test/index.test.ts" line="340" assertions="1" />
    </testsuite>
    <testsuite name="metadata helpers" file="packages/sidflow-classify/test/index.test.ts" line="386" tests="5" assertions="8" failures="0" skipped="0" time="0.001" hostname="mickey">
      <testcase name="parses sidplay output into metadata" classname="metadata helpers" time="0" file="packages/sidflow-classify/test/index.test.ts" line="387" assertions="1" />
      <testcase name="falls back to path metadata when extraction fails" classname="metadata helpers" time="0.001" file="packages/sidflow-classify/test/index.test.ts" line="403" assertions="2" />
      <testcase name="prefers metadata parsed directly from the SID header" classname="metadata helpers" time="0" file="packages/sidflow-classify/test/index.test.ts" line="409" assertions="1" />
      <testcase name="falls back to SidAudioEngine tune info when header parsing fails" classname="metadata helpers" time="0.002" file="packages/sidflow-classify/test/index.test.ts" line="429" assertions="1" />
      <testcase name="derives metadata from the file path when tune info is unavailable" classname="metadata helpers" time="0.001" file="packages/sidflow-classify/test/index.test.ts" line="460" assertions="3" />
    </testsuite>
    <testsuite name="generateAutoTags" file="packages/sidflow-classify/test/index.test.ts" line="494" tests="1" assertions="11" failures="0" skipped="0" time="0.002" hostname="mickey">
      <testcase name="writes metadata and auto-tag files with mixed sources" classname="generateAutoTags" time="0.003" file="packages/sidflow-classify/test/index.test.ts" line="495" assertions="11" />
    </testsuite>
    <testsuite name="generateJsonlOutput" file="packages/sidflow-classify/test/index.test.ts" line="628" tests="1" assertions="11" failures="0" skipped="0" time="0.004" hostname="mickey">
      <testcase name="exports JSONL for songs with and without WAV cache" classname="generateJsonlOutput" time="0.005" file="packages/sidflow-classify/test/index.test.ts" line="629" assertions="11" />
    </testsuite>
  </testsuite>
  <testsuite name="packages/sidflow-classify/test/integration.test.ts" file="packages/sidflow-classify/test/integration.test.ts" tests="2" assertions="22" failures="0" skipped="0" time="0" hostname="mickey">
    <testsuite name="End-to-End SIDFlow Pipeline" file="packages/sidflow-classify/test/integration.test.ts" line="51" tests="2" assertions="22" failures="0" skipped="0" time="0.151" hostname="mickey">
      <testcase name="extracts features from WAV files" classname="End-to-End SIDFlow Pipeline" time="0.147997" file="packages/sidflow-classify/test/integration.test.ts" line="52" assertions="16" />
      <testcase name="fallback behavior when Essentia.js fails" classname="End-to-End SIDFlow Pipeline" time="0.005" file="packages/sidflow-classify/test/integration.test.ts" line="200" assertions="6" />
    </testsuite>
  </testsuite>
  <testsuite name="packages/sidflow-classify/test/essentia-features.test.ts" file="packages/sidflow-classify/test/essentia-features.test.ts" tests="5" assertions="24" failures="0" skipped="0" time="0" hostname="mickey">
    <testsuite name="essentiaFeatureExtractor" file="packages/sidflow-classify/test/essentia-features.test.ts" line="50" tests="5" assertions="24" failures="0" skipped="0" time="0.03" hostname="mickey">
      <testcase name="extracts features from a valid WAV file" classname="essentiaFeatureExtractor" time="0.006" file="packages/sidflow-classify/test/essentia-features.test.ts" line="51" assertions="15" />
      <testcase name="handles stereo WAV files" classname="essentiaFeatureExtractor" time="0.007" file="packages/sidflow-classify/test/essentia-features.test.ts" line="88" assertions="4" />
      <testcase name="throws error for invalid WAV file" classname="essentiaFeatureExtractor" time="0.001" file="packages/sidflow-classify/test/essentia-features.test.ts" line="146" assertions="1" />
      <testcase name="handles 32-bit WAV files" classname="essentiaFeatureExtractor" time="0.008" file="packages/sidflow-classify/test/essentia-features.test.ts" line="163" assertions="2" />
      <testcase name="handles 8-bit WAV files" classname="essentiaFeatureExtractor" time="0.013" file="packages/sidflow-classify/test/essentia-features.test.ts" line="218" assertions="2" />
    </testsuite>
  </testsuite>
  <testsuite name="packages/sidflow-classify/test/tfjs-predictor-enhanced.test.ts" file="packages/sidflow-classify/test/tfjs-predictor-enhanced.test.ts" tests="15" assertions="44" failures="0" skipped="0" time="0" hostname="mickey">
    <testsuite name="Model lifecycle" file="packages/sidflow-classify/test/tfjs-predictor-enhanced.test.ts" line="25" tests="3" assertions="8" failures="0" skipped="0" time="0.012" hostname="mickey">
      <testcase name="creates a new model with correct architecture" classname="Model lifecycle" time="0.003" file="packages/sidflow-classify/test/tfjs-predictor-enhanced.test.ts" line="35" assertions="4" />
      <testcase name="saves and loads model correctly" classname="Model lifecycle" time="0.01" file="packages/sidflow-classify/test/tfjs-predictor-enhanced.test.ts" line="52" assertions="2" />
      <testcase name="creates new model if loading fails" classname="Model lifecycle" time="0.002" file="packages/sidflow-classify/test/tfjs-predictor-enhanced.test.ts" line="80" assertions="2" />
    </testsuite>
    <testsuite name="Feature statistics" file="packages/sidflow-classify/test/tfjs-predictor-enhanced.test.ts" line="90" tests="3" assertions="12" failures="0" skipped="0" time="0" hostname="mickey">
      <testcase name="computes feature statistics from samples" classname="Feature statistics" time="0" file="packages/sidflow-classify/test/tfjs-predictor-enhanced.test.ts" line="99" assertions="5" />
      <testcase name="saves and loads feature statistics" classname="Feature statistics" time="0" file="packages/sidflow-classify/test/tfjs-predictor-enhanced.test.ts" line="138" assertions="3" />
      <testcase name="returns default stats if file doesn&apos;t exist" classname="Feature statistics" time="0.001" file="packages/sidflow-classify/test/tfjs-predictor-enhanced.test.ts" line="172" assertions="4" />
    </testsuite>
    <testsuite name="Model metadata" file="packages/sidflow-classify/test/tfjs-predictor-enhanced.test.ts" line="182" tests="2" assertions="5" failures="0" skipped="0" time="0" hostname="mickey">
      <testcase name="saves and loads model metadata" classname="Model metadata" time="0.001" file="packages/sidflow-classify/test/tfjs-predictor-enhanced.test.ts" line="191" assertions="4" />
      <testcase name="returns null if metadata file doesn&apos;t exist" classname="Model metadata" time="0" file="packages/sidflow-classify/test/tfjs-predictor-enhanced.test.ts" line="219" assertions="1" />
    </testsuite>
    <testsuite name="Training" file="packages/sidflow-classify/test/tfjs-predictor-enhanced.test.ts" line="225" tests="2" assertions="3" failures="0" skipped="0" time="0.103" hostname="mickey">
      <testcase name="trains model on sample data" classname="Training" time="0.103998" file="packages/sidflow-classify/test/tfjs-predictor-enhanced.test.ts" line="235" assertions="2" />
      <testcase name="throws error on empty sample set" classname="Training" time="0" file="packages/sidflow-classify/test/tfjs-predictor-enhanced.test.ts" line="272" assertions="1" />
    </testsuite>
    <testsuite name="Evaluation" file="packages/sidflow-classify/test/tfjs-predictor-enhanced.test.ts" line="279" tests="2" assertions="4" failures="0" skipped="0" time="0.004" hostname="mickey">
      <testcase name="evaluates model on test set" classname="Evaluation" time="0.005" file="packages/sidflow-classify/test/tfjs-predictor-enhanced.test.ts" line="317" assertions="3" />
      <testcase name="throws error on empty test set" classname="Evaluation" time="0" file="packages/sidflow-classify/test/tfjs-predictor-enhanced.test.ts" line="344" assertions="1" />
    </testsuite>
    <testsuite name="Prediction" file="packages/sidflow-classify/test/tfjs-predictor-enhanced.test.ts" line="351" tests="3" assertions="12" failures="0" skipped="0" time="0.004" hostname="mickey">
      <testcase name="predicts ratings from features" classname="Prediction" time="0.005" file="packages/sidflow-classify/test/tfjs-predictor-enhanced.test.ts" line="356" assertions="6" />
      <testcase name="predicts ratings with confidence score" classname="Prediction" time="0.001" file="packages/sidflow-classify/test/tfjs-predictor-enhanced.test.ts" line="383" assertions="4" />
      <testcase name="handles missing features gracefully" classname="Prediction" time="0.001" file="packages/sidflow-classify/test/tfjs-predictor-enhanced.test.ts" line="408" assertions="2" />
    </testsuite>
  </testsuite>
  <testsuite name="packages/sidflow-classify/test/tfjs-predictor.test.ts" file="packages/sidflow-classify/test/tfjs-predictor.test.ts" tests="5" assertions="31" failures="0" skipped="0" time="0" hostname="mickey">
    <testsuite name="tfjsPredictRatings" file="packages/sidflow-classify/test/tfjs-predictor.test.ts" line="4" tests="5" assertions="31" failures="0" skipped="0" time="0.004" hostname="mickey">
      <testcase name="predicts ratings from feature vectors" classname="tfjsPredictRatings" time="0.003" file="packages/sidflow-classify/test/tfjs-predictor.test.ts" line="10" assertions="13" />
      <testcase name="produces consistent predictions for the same input" classname="tfjsPredictRatings" time="0.001" file="packages/sidflow-classify/test/tfjs-predictor.test.ts" line="49" assertions="3" />
      <testcase name="handles missing optional features gracefully" classname="tfjsPredictRatings" time="0.001" file="packages/sidflow-classify/test/tfjs-predictor.test.ts" line="77" assertions="6" />
      <testcase name="produces different predictions for different inputs" classname="tfjsPredictRatings" time="0.003" file="packages/sidflow-classify/test/tfjs-predictor.test.ts" line="101" assertions="3" />
      <testcase name="handles extreme feature values" classname="tfjsPredictRatings" time="0.001" file="packages/sidflow-classify/test/tfjs-predictor.test.ts" line="154" assertions="6" />
    </testsuite>
  </testsuite>
  <testsuite name="packages/sidflow-classify/test/cli.test.ts" file="packages/sidflow-classify/test/cli.test.ts" tests="8" assertions="24" failures="0" skipped="0" time="0" hostname="mickey">
    <testsuite name="parseClassifyArgs" file="packages/sidflow-classify/test/cli.test.ts" line="81" tests="2" assertions="4" failures="0" skipped="0" time="0" hostname="mickey">
      <testcase name="parses recognised options" classname="parseClassifyArgs" time="0.001" file="packages/sidflow-classify/test/cli.test.ts" line="82" assertions="3" />
      <testcase name="flags unknown options" classname="parseClassifyArgs" time="0" file="packages/sidflow-classify/test/cli.test.ts" line="109" assertions="1" />
    </testsuite>
    <testsuite name="runClassifyCli" file="packages/sidflow-classify/test/cli.test.ts" line="115" tests="6" assertions="20" failures="0" skipped="0" time="0.012" hostname="mickey">
      <testcase name="executes workflow and prints summary" classname="runClassifyCli" time="0.001" file="packages/sidflow-classify/test/cli.test.ts" line="116" assertions="5" />
      <testcase name="reports failures" classname="runClassifyCli" time="0" file="packages/sidflow-classify/test/cli.test.ts" line="179" assertions="2" />
      <testcase name="prints help when requested" classname="runClassifyCli" time="0" file="packages/sidflow-classify/test/cli.test.ts" line="199" assertions="2" />
      <testcase name="reports argument parsing errors" classname="runClassifyCli" time="0" file="packages/sidflow-classify/test/cli.test.ts" line="219" assertions="3" />
      <testcase name="loads override modules through default runtime" classname="runClassifyCli" time="0.004" file="packages/sidflow-classify/test/cli.test.ts" line="236" assertions="6" />
      <testcase name="fails when override module does not export a function" classname="runClassifyCli" time="0.01" file="packages/sidflow-classify/test/cli.test.ts" line="423" assertions="2" />
    </testsuite>
  </testsuite>
  <testsuite name="packages/sidflow-classify/test/heuristics.test.ts" file="packages/sidflow-classify/test/heuristics.test.ts" tests="4" assertions="15" failures="0" skipped="0" time="0" hostname="mickey">
    <testsuite name="classification heuristics" file="packages/sidflow-classify/test/heuristics.test.ts" line="16" tests="4" assertions="15" failures="0" skipped="0" time="0" hostname="mickey">
      <testcase name="extracts basic file statistics for heuristic features" classname="classification heuristics" time="0" file="packages/sidflow-classify/test/heuristics.test.ts" line="21" assertions="3" />
      <testcase name="predicts ratings deterministically using heuristics" classname="classification heuristics" time="0.001" file="packages/sidflow-classify/test/heuristics.test.ts" line="37" assertions="7" />
      <testcase name="parses sidplayfp metadata output" classname="classification heuristics" time="0" file="packages/sidflow-classify/test/heuristics.test.ts" line="62" assertions="3" />
      <testcase name="falls back to deriving metadata from path" classname="classification heuristics" time="0" file="packages/sidflow-classify/test/heuristics.test.ts" line="75" assertions="2" />
    </testsuite>
  </testsuite>
  <testsuite name="packages/sidflow-classify/test/jsonl.test.ts" file="packages/sidflow-classify/test/jsonl.test.ts" tests="3" assertions="13" failures="0" skipped="0" time="0" hostname="mickey">
    <testsuite name="generateJsonlOutput" file="packages/sidflow-classify/test/jsonl.test.ts" line="8" tests="3" assertions="13" failures="0" skipped="0" time="0.001" hostname="mickey">
      <testcase name="generates JSONL file with classification records" classname="generateJsonlOutput" time="0" file="packages/sidflow-classify/test/jsonl.test.ts" line="19" assertions="4" />
      <testcase name="creates valid JSONL format with one record per line" classname="generateJsonlOutput" time="0.002" file="packages/sidflow-classify/test/jsonl.test.ts" line="70" assertions="7" />
      <testcase name="includes features in JSONL output when WAV exists" classname="generateJsonlOutput" time="0" file="packages/sidflow-classify/test/jsonl.test.ts" line="136" assertions="2" />
    </testsuite>
  </testsuite>
  <testsuite name="packages/sidflow-classify/test/multithread-render.test.ts" file="packages/sidflow-classify/test/multithread-render.test.ts" tests="1" assertions="6" failures="0" skipped="0" time="0" hostname="mickey">
    <testsuite name="defaultRenderWav with worker pool" file="packages/sidflow-classify/test/multithread-render.test.ts" line="20" tests="1" assertions="6" failures="0" skipped="0" time="0.764" hostname="mickey">
      <testcase name="renders multiple SID files to WAV using parallel workers" classname="defaultRenderWav with worker pool" time="0.764983" file="packages/sidflow-classify/test/multithread-render.test.ts" line="21" assertions="6" />
    </testsuite>
  </testsuite>
  <testsuite name="packages/sidflow-classify/test/metrics.test.ts" file="packages/sidflow-classify/test/metrics.test.ts" tests="4" assertions="39" failures="0" skipped="0" time="0" hostname="mickey">
    <testsuite name="performance metrics" file="packages/sidflow-classify/test/metrics.test.ts" line="30" tests="4" assertions="39" failures="0" skipped="0" time="0.006" hostname="mickey">
      <testcase name="tracks buildWavCache metrics accurately" classname="performance metrics" time="0.005" file="packages/sidflow-classify/test/metrics.test.ts" line="31" assertions="13" />
      <testcase name="tracks generateAutoTags metrics with mixed sources" classname="performance metrics" time="0.003" file="packages/sidflow-classify/test/metrics.test.ts" line="84" assertions="10" />
      <testcase name="tracks zero predictions when all files have complete manual tags" classname="performance metrics" time="0.001" file="packages/sidflow-classify/test/metrics.test.ts" line="160" assertions="5" />
      <testcase name="records timing even for empty file sets" classname="performance metrics" time="0" file="packages/sidflow-classify/test/metrics.test.ts" line="211" assertions="11" />
    </testsuite>
  </testsuite>
  <testsuite name="packages/sidflow-play/test/filters.test.ts" file="packages/sidflow-play/test/filters.test.ts" tests="27" assertions="34" failures="0" skipped="0" time="0" hostname="mickey">
    <testsuite name="parseFilters" file="packages/sidflow-play/test/filters.test.ts" line="8" tests="17" assertions="22" failures="0" skipped="0" time="0" hostname="mickey">
      <testcase name="parses empty string" classname="parseFilters" time="0" file="packages/sidflow-play/test/filters.test.ts" line="9" assertions="1" />
      <testcase name="parses single &gt;= expression" classname="parseFilters" time="0" file="packages/sidflow-play/test/filters.test.ts" line="14" assertions="1" />
      <testcase name="parses single &lt;= expression" classname="parseFilters" time="0" file="packages/sidflow-play/test/filters.test.ts" line="19" assertions="1" />
      <testcase name="parses single = expression" classname="parseFilters" time="0" file="packages/sidflow-play/test/filters.test.ts" line="24" assertions="1" />
      <testcase name="parses single &gt; expression" classname="parseFilters" time="0" file="packages/sidflow-play/test/filters.test.ts" line="29" assertions="1" />
      <testcase name="parses single &lt; expression" classname="parseFilters" time="0" file="packages/sidflow-play/test/filters.test.ts" line="34" assertions="1" />
      <testcase name="parses BPM range" classname="parseFilters" time="0" file="packages/sidflow-play/test/filters.test.ts" line="39" assertions="1" />
      <testcase name="parses energy range" classname="parseFilters" time="0" file="packages/sidflow-play/test/filters.test.ts" line="44" assertions="1" />
      <testcase name="parses mood range" classname="parseFilters" time="0" file="packages/sidflow-play/test/filters.test.ts" line="49" assertions="1" />
      <testcase name="parses complexity range" classname="parseFilters" time="0" file="packages/sidflow-play/test/filters.test.ts" line="54" assertions="1" />
      <testcase name="parses preference range" classname="parseFilters" time="0" file="packages/sidflow-play/test/filters.test.ts" line="59" assertions="1" />
      <testcase name="parses multiple filters" classname="parseFilters" time="0" file="packages/sidflow-play/test/filters.test.ts" line="64" assertions="3" />
      <testcase name="parses complex filter expression" classname="parseFilters" time="0" file="packages/sidflow-play/test/filters.test.ts" line="71" assertions="3" />
      <testcase name="parses preference filter" classname="parseFilters" time="0.001" file="packages/sidflow-play/test/filters.test.ts" line="78" assertions="1" />
      <testcase name="throws error for invalid expression" classname="parseFilters" time="0" file="packages/sidflow-play/test/filters.test.ts" line="83" assertions="1" />
      <testcase name="throws error for unknown dimension" classname="parseFilters" time="0" file="packages/sidflow-play/test/filters.test.ts" line="87" assertions="1" />
      <testcase name="handles whitespace" classname="parseFilters" time="0" file="packages/sidflow-play/test/filters.test.ts" line="91" assertions="2" />
    </testsuite>
    <testsuite name="formatFilters" file="packages/sidflow-play/test/filters.test.ts" line="98" tests="10" assertions="12" failures="0" skipped="0" time="0" hostname="mickey">
      <testcase name="formats empty filters" classname="formatFilters" time="0" file="packages/sidflow-play/test/filters.test.ts" line="99" assertions="1" />
      <testcase name="formats single range" classname="formatFilters" time="0" file="packages/sidflow-play/test/filters.test.ts" line="104" assertions="1" />
      <testcase name="formats exact value" classname="formatFilters" time="0" file="packages/sidflow-play/test/filters.test.ts" line="109" assertions="1" />
      <testcase name="formats range expression" classname="formatFilters" time="0" file="packages/sidflow-play/test/filters.test.ts" line="114" assertions="1" />
      <testcase name="formats preference range" classname="formatFilters" time="0" file="packages/sidflow-play/test/filters.test.ts" line="119" assertions="1" />
      <testcase name="formats preference exact value" classname="formatFilters" time="0" file="packages/sidflow-play/test/filters.test.ts" line="124" assertions="1" />
      <testcase name="formats preference with upper bound" classname="formatFilters" time="0.001" file="packages/sidflow-play/test/filters.test.ts" line="129" assertions="1" />
      <testcase name="formats preference bounded range" classname="formatFilters" time="0" file="packages/sidflow-play/test/filters.test.ts" line="134" assertions="1" />
      <testcase name="formats multiple filters" classname="formatFilters" time="0" file="packages/sidflow-play/test/filters.test.ts" line="139" assertions="3" />
      <testcase name="round-trip formatting" classname="formatFilters" time="0" file="packages/sidflow-play/test/filters.test.ts" line="150" assertions="1" />
    </testsuite>
  </testsuite>
  <testsuite name="packages/sidflow-play/test/playlist.test.ts" file="packages/sidflow-play/test/playlist.test.ts" tests="5" assertions="11" failures="0" skipped="0" time="0" hostname="mickey">
    <testsuite name="PlaylistBuilder" file="packages/sidflow-play/test/playlist.test.ts" line="76" tests="5" assertions="11" failures="0" skipped="0" time="0.004" hostname="mickey">
      <testcase name="creates playlist builder instance" classname="PlaylistBuilder" time="0" file="packages/sidflow-play/test/playlist.test.ts" line="77" assertions="1" />
      <testcase name="getMoodPresets returns available presets" classname="PlaylistBuilder" time="0" file="packages/sidflow-play/test/playlist.test.ts" line="82" assertions="4" />
      <testcase name="throws when build is called before connect" classname="PlaylistBuilder" time="0" file="packages/sidflow-play/test/playlist.test.ts" line="92" assertions="1" />
      <testcase name="connects, builds, and disconnects" classname="PlaylistBuilder" time="0.003" file="packages/sidflow-play/test/playlist.test.ts" line="97" assertions="3" />
      <testcase name="supports custom seed and filters" classname="PlaylistBuilder" time="0.003" file="packages/sidflow-play/test/playlist.test.ts" line="109" assertions="2" />
    </testsuite>
  </testsuite>
  <testsuite name="packages/sidflow-play/test/playback.test.ts" file="packages/sidflow-play/test/playback.test.ts" tests="15" assertions="32" failures="0" skipped="0" time="0" hostname="mickey">
    <testsuite name="PlaybackController" file="packages/sidflow-play/test/playback.test.ts" line="125" tests="15" assertions="32" failures="0" skipped="0" time="0.001" hostname="mickey">
      <testcase name="creates playback controller instance" classname="PlaybackController" time="0" file="packages/sidflow-play/test/playback.test.ts" line="126" assertions="1" />
      <testcase name="initial state is IDLE" classname="PlaybackController" time="0" file="packages/sidflow-play/test/playback.test.ts" line="131" assertions="1" />
      <testcase name="loadQueue loads songs into queue" classname="PlaybackController" time="0" file="packages/sidflow-play/test/playback.test.ts" line="136" assertions="3" />
      <testcase name="getCurrentSong returns undefined when queue not started" classname="PlaybackController" time="0" file="packages/sidflow-play/test/playback.test.ts" line="146" assertions="1" />
      <testcase name="getQueue returns queue information" classname="PlaybackController" time="0" file="packages/sidflow-play/test/playback.test.ts" line="153" assertions="3" />
      <testcase name="throws error when playing empty queue" classname="PlaybackController" time="0" file="packages/sidflow-play/test/playback.test.ts" line="163" assertions="1" />
      <testcase name="stop resets state" classname="PlaybackController" time="0.001" file="packages/sidflow-play/test/playback.test.ts" line="169" assertions="3" />
      <testcase name="emits started event when playback begins" classname="PlaybackController" time="0" file="packages/sidflow-play/test/playback.test.ts" line="179" assertions="1" />
      <testcase name="respects minDuration setting" classname="PlaybackController" time="0" file="packages/sidflow-play/test/playback.test.ts" line="186" assertions="2" />
      <testcase name="skips songs shorter than minDuration" classname="PlaybackController" time="0.001" file="packages/sidflow-play/test/playback.test.ts" line="192" assertions="3" />
      <testcase name="pause emits paused event when playing" classname="PlaybackController" time="0" file="packages/sidflow-play/test/playback.test.ts" line="213" assertions="3" />
      <testcase name="resume emits resumed event when paused" classname="PlaybackController" time="0" file="packages/sidflow-play/test/playback.test.ts" line="223" assertions="3" />
      <testcase name="play resumes from paused state" classname="PlaybackController" time="0" file="packages/sidflow-play/test/playback.test.ts" line="234" assertions="2" />
      <testcase name="skip emits skipped event and advances queue" classname="PlaybackController" time="0.001" file="packages/sidflow-play/test/playback.test.ts" line="244" assertions="3" />
      <testcase name="finished event advances to next song" classname="PlaybackController" time="0.002" file="packages/sidflow-play/test/playback.test.ts" line="254" assertions="2" />
    </testsuite>
  </testsuite>
  <testsuite name="packages/sidflow-play/test/session.test.ts" file="packages/sidflow-play/test/session.test.ts" tests="8" assertions="16" failures="0" skipped="0" time="0" hostname="mickey">
    <testsuite name="SessionManager" file="packages/sidflow-play/test/session.test.ts" line="19" tests="8" assertions="16" failures="0" skipped="0" time="0" hostname="mickey">
      <testcase name="creates session manager instance" classname="SessionManager" time="0" file="packages/sidflow-play/test/session.test.ts" line="20" assertions="1" />
      <testcase name="getSession returns undefined before starting" classname="SessionManager" time="0" file="packages/sidflow-play/test/session.test.ts" line="25" assertions="1" />
      <testcase name="startSession creates new session" classname="SessionManager" time="0" file="packages/sidflow-play/test/session.test.ts" line="30" assertions="4" />
      <testcase name="recordEvent adds event to history" classname="SessionManager" time="0" file="packages/sidflow-play/test/session.test.ts" line="41" assertions="2" />
      <testcase name="recordEvent updates statistics" classname="SessionManager" time="0" file="packages/sidflow-play/test/session.test.ts" line="66" assertions="1" />
      <testcase name="endSession persists session to disk" classname="SessionManager" time="0.001" file="packages/sidflow-play/test/session.test.ts" line="90" assertions="5" />
      <testcase name="listSessions returns session IDs" classname="SessionManager" time="0" file="packages/sidflow-play/test/session.test.ts" line="126" assertions="1" />
      <testcase name="loadSession returns undefined for non-existent session" classname="SessionManager" time="0" file="packages/sidflow-play/test/session.test.ts" line="136" assertions="1" />
    </testsuite>
  </testsuite>
  <testsuite name="packages/sidflow-play/test/cli.test.ts" file="packages/sidflow-play/test/cli.test.ts" tests="25" assertions="66" failures="0" skipped="0" time="0" hostname="mickey">
    <testsuite name="CLI argument parsing" file="packages/sidflow-play/test/cli.test.ts" line="13" tests="18" assertions="37" failures="0" skipped="0" time="0" hostname="mickey">
      <testcase name="parses help flag" classname="CLI argument parsing" time="0.001" file="packages/sidflow-play/test/cli.test.ts" line="14" assertions="2" />
      <testcase name="parses mood option" classname="CLI argument parsing" time="0" file="packages/sidflow-play/test/cli.test.ts" line="20" assertions="2" />
      <testcase name="parses filters option" classname="CLI argument parsing" time="0" file="packages/sidflow-play/test/cli.test.ts" line="26" assertions="2" />
      <testcase name="parses limit option" classname="CLI argument parsing" time="0" file="packages/sidflow-play/test/cli.test.ts" line="32" assertions="2" />
      <testcase name="parses exploration option" classname="CLI argument parsing" time="0" file="packages/sidflow-play/test/cli.test.ts" line="38" assertions="2" />
      <testcase name="parses diversity option" classname="CLI argument parsing" time="0" file="packages/sidflow-play/test/cli.test.ts" line="44" assertions="2" />
      <testcase name="parses export options" classname="CLI argument parsing" time="0" file="packages/sidflow-play/test/cli.test.ts" line="50" assertions="3" />
      <testcase name="parses min-duration option" classname="CLI argument parsing" time="0" file="packages/sidflow-play/test/cli.test.ts" line="60" assertions="2" />
      <testcase name="returns error for invalid min-duration" classname="CLI argument parsing" time="0" file="packages/sidflow-play/test/cli.test.ts" line="66" assertions="2" />
      <testcase name="parses export-only flag" classname="CLI argument parsing" time="0" file="packages/sidflow-play/test/cli.test.ts" line="72" assertions="2" />
      <testcase name="parses play-only flag" classname="CLI argument parsing" time="0" file="packages/sidflow-play/test/cli.test.ts" line="78" assertions="2" />
      <testcase name="parses multiple options" classname="CLI argument parsing" time="0" file="packages/sidflow-play/test/cli.test.ts" line="84" assertions="5" />
      <testcase name="returns error for missing option value" classname="CLI argument parsing" time="0" file="packages/sidflow-play/test/cli.test.ts" line="98" assertions="1" />
      <testcase name="returns error for invalid limit" classname="CLI argument parsing" time="0" file="packages/sidflow-play/test/cli.test.ts" line="103" assertions="2" />
      <testcase name="returns error for invalid exploration" classname="CLI argument parsing" time="0" file="packages/sidflow-play/test/cli.test.ts" line="109" assertions="2" />
      <testcase name="returns error for invalid export format" classname="CLI argument parsing" time="0" file="packages/sidflow-play/test/cli.test.ts" line="115" assertions="2" />
      <testcase name="returns error for unknown option" classname="CLI argument parsing" time="0" file="packages/sidflow-play/test/cli.test.ts" line="121" assertions="1" />
      <testcase name="returns error for unexpected argument" classname="CLI argument parsing" time="0" file="packages/sidflow-play/test/cli.test.ts" line="126" assertions="1" />
    </testsuite>
    <testsuite name="runPlayCli" file="packages/sidflow-play/test/cli.test.ts" line="132" tests="7" assertions="29" failures="0" skipped="0" time="0.002" hostname="mickey">
      <testcase name="runs full playback flow with overrides" classname="runPlayCli" time="0.003" file="packages/sidflow-play/test/cli.test.ts" line="133" assertions="17" />
      <testcase name="handles export-only mode without playback" classname="runPlayCli" time="0" file="packages/sidflow-play/test/cli.test.ts" line="294" assertions="2" />
      <testcase name="reports unknown mood presets" classname="runPlayCli" time="0" file="packages/sidflow-play/test/cli.test.ts" line="354" assertions="2" />
      <testcase name="reports database missing errors" classname="runPlayCli" time="0.001" file="packages/sidflow-play/test/cli.test.ts" line="402" assertions="2" />
      <testcase name="handles filter parsing errors" classname="runPlayCli" time="0" file="packages/sidflow-play/test/cli.test.ts" line="457" assertions="2" />
      <testcase name="prints help when requested" classname="runPlayCli" time="0" file="packages/sidflow-play/test/cli.test.ts" line="512" assertions="2" />
      <testcase name="reports argument parsing errors" classname="runPlayCli" time="0" file="packages/sidflow-play/test/cli.test.ts" line="527" assertions="2" />
    </testsuite>
  </testsuite>
  <testsuite name="packages/sidflow-play/test/export.test.ts" file="packages/sidflow-play/test/export.test.ts" tests="8" assertions="17" failures="0" skipped="0" time="0" hostname="mickey">
    <testsuite name="exportPlaylistJSON" file="packages/sidflow-play/test/export.test.ts" line="56" tests="2" assertions="4" failures="0" skipped="0" time="0" hostname="mickey">
      <testcase name="exports playlist to JSON format" classname="exportPlaylistJSON" time="0" file="packages/sidflow-play/test/export.test.ts" line="57" assertions="3" />
      <testcase name="uses deterministic ordering" classname="exportPlaylistJSON" time="0" file="packages/sidflow-play/test/export.test.ts" line="69" assertions="1" />
    </testsuite>
    <testsuite name="exportPlaylistM3U" file="packages/sidflow-play/test/export.test.ts" line="80" tests="3" assertions="9" failures="0" skipped="0" time="0" hostname="mickey">
      <testcase name="exports playlist to basic M3U format" classname="exportPlaylistM3U" time="0.001" file="packages/sidflow-play/test/export.test.ts" line="81" assertions="3" />
      <testcase name="exports playlist with extended M3U format" classname="exportPlaylistM3U" time="0" file="packages/sidflow-play/test/export.test.ts" line="93" assertions="4" />
      <testcase name="exports with root path prefix" classname="exportPlaylistM3U" time="0" file="packages/sidflow-play/test/export.test.ts" line="106" assertions="2" />
    </testsuite>
    <testsuite name="exportPlaylist" file="packages/sidflow-play/test/export.test.ts" line="120" tests="3" assertions="4" failures="0" skipped="0" time="0" hostname="mickey">
      <testcase name="exports in JSON format" classname="exportPlaylist" time="0" file="packages/sidflow-play/test/export.test.ts" line="121" assertions="1" />
      <testcase name="exports in M3U format" classname="exportPlaylist" time="0.001" file="packages/sidflow-play/test/export.test.ts" line="133" assertions="1" />
      <testcase name="exports in extended M3U format" classname="exportPlaylist" time="0" file="packages/sidflow-play/test/export.test.ts" line="145" assertions="2" />
    </testsuite>
  </testsuite>
  <testsuite name="packages/sidflow-train/test/index.test.ts" file="packages/sidflow-train/test/index.test.ts" tests="14" assertions="41" failures="0" skipped="0" time="0" hostname="mickey">
    <testsuite name="Training data loading" file="packages/sidflow-train/test/index.test.ts" line="94" tests="5" assertions="14" failures="0" skipped="0" time="0" hostname="mickey">
      <testcase name="loads classification records from JSONL files" classname="Training data loading" time="0.001" file="packages/sidflow-train/test/index.test.ts" line="118" assertions="6" />
      <testcase name="loads feedback records from date-partitioned directories" classname="Training data loading" time="0" file="packages/sidflow-train/test/index.test.ts" line="129" assertions="4" />
      <testcase name="returns empty arrays for non-existent paths" classname="Training data loading" time="0.001" file="packages/sidflow-train/test/index.test.ts" line="138" assertions="2" />
      <testcase name="handles invalid JSON in classification files" classname="Training data loading" time="0" file="packages/sidflow-train/test/index.test.ts" line="146" assertions="1" />
      <testcase name="handles invalid JSON in feedback files" classname="Training data loading" time="0.001" file="packages/sidflow-train/test/index.test.ts" line="163" assertions="1" />
    </testsuite>
    <testsuite name="Training data merging" file="packages/sidflow-train/test/index.test.ts" line="181" tests="4" assertions="13" failures="0" skipped="0" time="0" hostname="mickey">
      <testcase name="creates training samples from explicit ratings" classname="Training data merging" time="0" file="packages/sidflow-train/test/index.test.ts" line="182" assertions="5" />
      <testcase name="adds implicit samples from feedback" classname="Training data merging" time="0" file="packages/sidflow-train/test/index.test.ts" line="192" assertions="3" />
      <testcase name="assigns correct weights to implicit samples" classname="Training data merging" time="0" file="packages/sidflow-train/test/index.test.ts" line="207" assertions="4" />
      <testcase name="skips samples without features" classname="Training data merging" time="0" file="packages/sidflow-train/test/index.test.ts" line="217" assertions="1" />
    </testsuite>
    <testsuite name="Train/test splitting" file="packages/sidflow-train/test/index.test.ts" line="231" tests="3" assertions="6" failures="0" skipped="0" time="0" hostname="mickey">
      <testcase name="splits samples into train and test sets" classname="Train/test splitting" time="0" file="packages/sidflow-train/test/index.test.ts" line="232" assertions="3" />
      <testcase name="respects test split ratio" classname="Train/test splitting" time="0" file="packages/sidflow-train/test/index.test.ts" line="247" assertions="2" />
      <testcase name="handles small sample sizes" classname="Train/test splitting" time="0.001" file="packages/sidflow-train/test/index.test.ts" line="261" assertions="1" />
    </testsuite>
    <testsuite name="Model training (integration)" file="packages/sidflow-train/test/index.test.ts" line="277" tests="2" assertions="8" failures="0" skipped="0" time="0.034" hostname="mickey">
      <testcase name="trains model on sample data" classname="Model training (integration)" time="0.034999" file="packages/sidflow-train/test/index.test.ts" line="301" assertions="7" />
      <testcase name="throws error when no training samples available" classname="Model training (integration)" time="0" file="packages/sidflow-train/test/index.test.ts" line="335" assertions="1" />
    </testsuite>
  </testsuite>
  <testsuite name="packages/sidflow-train/test/cli.test.ts" file="packages/sidflow-train/test/cli.test.ts" tests="9" assertions="21" failures="0" skipped="0" time="0" hostname="mickey">
    <testsuite name="Train CLI" file="packages/sidflow-train/test/cli.test.ts" line="4" tests="9" assertions="21" failures="0" skipped="0" time="0.239" hostname="mickey">
      <testcase name="shows help message with --help flag" classname="Train CLI" time="0" file="packages/sidflow-train/test/cli.test.ts" line="5" assertions="5" />
      <testcase name="returns error for unknown options" classname="Train CLI" time="0" file="packages/sidflow-train/test/cli.test.ts" line="27" assertions="2" />
      <testcase name="returns error for invalid epoch value" classname="Train CLI" time="0" file="packages/sidflow-train/test/cli.test.ts" line="46" assertions="2" />
      <testcase name="returns error for missing epoch value" classname="Train CLI" time="0" file="packages/sidflow-train/test/cli.test.ts" line="64" assertions="2" />
      <testcase name="parses epochs option correctly" classname="Train CLI" time="0.085998" file="packages/sidflow-train/test/cli.test.ts" line="82" assertions="2" />
      <testcase name="parses batch-size option correctly" classname="Train CLI" time="0.036999" file="packages/sidflow-train/test/cli.test.ts" line="103" assertions="2" />
      <testcase name="parses learning-rate option correctly" classname="Train CLI" time="0.034999" file="packages/sidflow-train/test/cli.test.ts" line="121" assertions="2" />
      <testcase name="handles --no-evaluate flag" classname="Train CLI" time="0.038999" file="packages/sidflow-train/test/cli.test.ts" line="139" assertions="2" />
      <testcase name="handles --force flag" classname="Train CLI" time="0.046999" file="packages/sidflow-train/test/cli.test.ts" line="158" assertions="2" />
    </testsuite>
  </testsuite>
  <testsuite name="packages/sidflow-fetch/test/version.test.ts" file="packages/sidflow-fetch/test/version.test.ts" tests="4" assertions="4" failures="0" skipped="0" time="0" hostname="mickey">
    <testsuite name="HVSC version persistence" file="packages/sidflow-fetch/test/version.test.ts" line="8" tests="4" assertions="4" failures="0" skipped="0" time="0" hostname="mickey">
      <testcase name="saveHvscVersion writes deterministic JSON" classname="HVSC version persistence" time="0" file="packages/sidflow-fetch/test/version.test.ts" line="21" assertions="1" />
      <testcase name="loadHvscVersion reads existing file" classname="HVSC version persistence" time="0.001" file="packages/sidflow-fetch/test/version.test.ts" line="43" assertions="1" />
      <testcase name="loadHvscVersion returns null for non-existent file" classname="HVSC version persistence" time="0" file="packages/sidflow-fetch/test/version.test.ts" line="61" assertions="1" />
      <testcase name="loadHvscVersion throws for invalid JSON" classname="HVSC version persistence" time="0" file="packages/sidflow-fetch/test/version.test.ts" line="68" assertions="1" />
    </testsuite>
  </testsuite>
  <testsuite name="packages/sidflow-fetch/test/sync.internals.test.ts" file="packages/sidflow-fetch/test/sync.internals.test.ts" tests="8" assertions="23" failures="0" skipped="0" time="0" hostname="mickey">
    <testsuite name="sync internals" file="packages/sidflow-fetch/test/sync.internals.test.ts" line="45" tests="8" assertions="23" failures="0" skipped="0" time="0.006" hostname="mickey">
      <testcase name="resolves the version metadata path" classname="sync internals" time="0" file="packages/sidflow-fetch/test/sync.internals.test.ts" line="46" assertions="2" />
      <testcase name="detects empty and non-empty directories" classname="sync internals" time="0.002" file="packages/sidflow-fetch/test/sync.internals.test.ts" line="64" assertions="4" />
      <testcase name="downloads archives into temp directories" classname="sync internals" time="0.001" file="packages/sidflow-fetch/test/sync.internals.test.ts" line="83" assertions="4" />
      <testcase name="merges provided dependencies with defaults" classname="sync internals" time="0" file="packages/sidflow-fetch/test/sync.internals.test.ts" line="117" assertions="4" />
      <testcase name="downloads using the default downloader" classname="sync internals" time="0.006" file="packages/sidflow-fetch/test/sync.internals.test.ts" line="133" assertions="4" />
      <testcase name="fails the default downloader on HTTP errors" classname="sync internals" time="0.001" file="packages/sidflow-fetch/test/sync.internals.test.ts" line="164" assertions="2" />
      <testcase name="fails the default downloader on network errors" classname="sync internals" time="0" file="packages/sidflow-fetch/test/sync.internals.test.ts" line="183" assertions="2" />
      <testcase name="computes deterministic checksums" classname="sync internals" time="0.001" file="packages/sidflow-fetch/test/sync.internals.test.ts" line="202" assertions="1" />
    </testsuite>
  </testsuite>
  <testsuite name="packages/sidflow-fetch/test/sync.test.ts" file="packages/sidflow-fetch/test/sync.test.ts" tests="4" assertions="22" failures="0" skipped="0" time="0" hostname="mickey">
    <testsuite name="syncHvsc" file="packages/sidflow-fetch/test/sync.test.ts" line="54" tests="4" assertions="22" failures="0" skipped="0" time="0.008" hostname="mickey">
      <testcase name="downloads base archive and applies deltas" classname="syncHvsc" time="0.004" file="packages/sidflow-fetch/test/sync.test.ts" line="55" assertions="10" />
      <testcase name="applies only new deltas on subsequent runs" classname="syncHvsc" time="0.004" file="packages/sidflow-fetch/test/sync.test.ts" line="114" assertions="6" />
      <testcase name="is idempotent when no updates are available" classname="syncHvsc" time="0.003" file="packages/sidflow-fetch/test/sync.test.ts" line="186" assertions="5" />
      <testcase name="propagates checksum failures" classname="syncHvsc" time="0.001" file="packages/sidflow-fetch/test/sync.test.ts" line="242" assertions="1" />
    </testsuite>
  </testsuite>
  <testsuite name="packages/sidflow-fetch/test/manifest.test.ts" file="packages/sidflow-fetch/test/manifest.test.ts" tests="4" assertions="8" failures="0" skipped="0" time="0" hostname="mickey">
    <testsuite name="fetchHvscManifest" file="packages/sidflow-fetch/test/manifest.test.ts" line="19" tests="4" assertions="8" failures="0" skipped="0" time="0" hostname="mickey">
      <testcase name="parses the manifest listing and sorts entries" classname="fetchHvscManifest" time="0.001" file="packages/sidflow-fetch/test/manifest.test.ts" line="20" assertions="4" />
      <testcase name="throws when the manifest does not include a base archive" classname="fetchHvscManifest" time="0" file="packages/sidflow-fetch/test/manifest.test.ts" line="54" assertions="1" />
      <testcase name="throws when the remote request fails" classname="fetchHvscManifest" time="0" file="packages/sidflow-fetch/test/manifest.test.ts" line="62" assertions="1" />
      <testcase name="retries when the network request rejects" classname="fetchHvscManifest" time="0" file="packages/sidflow-fetch/test/manifest.test.ts" line="70" assertions="2" />
    </testsuite>
  </testsuite>
  <testsuite name="packages/sidflow-fetch/test/cli.test.ts" file="packages/sidflow-fetch/test/cli.test.ts" tests="6" assertions="17" failures="0" skipped="0" time="0" hostname="mickey">
    <testsuite name="sidflow-fetch CLI" file="packages/sidflow-fetch/test/cli.test.ts" line="22" tests="6" assertions="17" failures="0" skipped="0" time="0" hostname="mickey">
      <testcase name="parses recognised options" classname="sidflow-fetch CLI" time="0" file="packages/sidflow-fetch/test/cli.test.ts" line="23" assertions="3" />
      <testcase name="returns help flag without consuming later arguments" classname="sidflow-fetch CLI" time="0" file="packages/sidflow-fetch/test/cli.test.ts" line="42" assertions="2" />
      <testcase name="runs the sync workflow and reports success" classname="sidflow-fetch CLI" time="0" file="packages/sidflow-fetch/test/cli.test.ts" line="48" assertions="5" />
      <testcase name="fails fast on unknown options" classname="sidflow-fetch CLI" time="0" file="packages/sidflow-fetch/test/cli.test.ts" line="75" assertions="3" />
      <testcase name="prints help when requested" classname="sidflow-fetch CLI" time="0" file="packages/sidflow-fetch/test/cli.test.ts" line="93" assertions="2" />
      <testcase name="validates option arity" classname="sidflow-fetch CLI" time="0" file="packages/sidflow-fetch/test/cli.test.ts" line="110" assertions="2" />
    </testsuite>
  </testsuite>
  <testsuite name="packages/libsidplayfp-wasm/test/final-proof.test.ts" file="packages/libsidplayfp-wasm/test/final-proof.test.ts" tests="1" assertions="2" failures="0" skipped="0" time="0" hostname="mickey">
    <testsuite name="Browser Code Path - Final Proof" file="packages/libsidplayfp-wasm/test/final-proof.test.ts" line="17" tests="1" assertions="2" failures="0" skipped="0" time="1.232" hostname="mickey">
      <testcase name="EXACT browser flow with audio gap detection" classname="Browser Code Path - Final Proof" time="1.232973" file="packages/libsidplayfp-wasm/test/final-proof.test.ts" line="18" assertions="2" />
    </testsuite>
  </testsuite>
  <testsuite name="packages/libsidplayfp-wasm/test/wasm-invocations.test.ts" file="packages/libsidplayfp-wasm/test/wasm-invocations.test.ts" tests="2" assertions="5" failures="0" skipped="1" time="0" hostname="mickey">
    <testsuite name="SidAudioEngine WASM flows" file="packages/libsidplayfp-wasm/test/wasm-invocations.test.ts" line="23" tests="2" assertions="5" failures="0" skipped="1" time="0" hostname="mickey">
      <testcase name="streams PCM, exposes metadata, and supports song selection" classname="SidAudioEngine WASM flows" time="0" file="packages/libsidplayfp-wasm/test/wasm-invocations.test.ts" line="51" assertions="5" />
      <testcase name="uses the eager cache to provide precise slider seeks" classname="SidAudioEngine WASM flows" time="0" file="packages/libsidplayfp-wasm/test/wasm-invocations.test.ts" line="59" assertions="0">
        <skipped />
      </testcase>
    </testsuite>
  </testsuite>
  <testsuite name="packages/libsidplayfp-wasm/test/realtime-playback.test.ts" file="packages/libsidplayfp-wasm/test/realtime-playback.test.ts" tests="6" assertions="18" failures="0" skipped="0" time="0" hostname="mickey">
    <testsuite name="Real-Time Streaming Simulation" file="packages/libsidplayfp-wasm/test/realtime-playback.test.ts" line="18" tests="5" assertions="17" failures="0" skipped="0" time="3.367" hostname="mickey">
      <testcase name="simulate continuous 60-second playback at 44.1kHz" classname="Real-Time Streaming Simulation" time="0.500989" file="packages/libsidplayfp-wasm/test/realtime-playback.test.ts" line="19" assertions="3" />
      <testcase name="measure jitter in render times" classname="Real-Time Streaming Simulation" time="0.505989" file="packages/libsidplayfp-wasm/test/realtime-playback.test.ts" line="98" assertions="1" />
      <testcase name="test concurrent rendering (background cache + foreground playback)" classname="Real-Time Streaming Simulation" time="0.517989" file="packages/libsidplayfp-wasm/test/realtime-playback.test.ts" line="136" assertions="1" />
      <testcase name="stress test: rapid start/stop cycles" classname="Real-Time Streaming Simulation" time="1.339971" file="packages/libsidplayfp-wasm/test/realtime-playback.test.ts" line="179" assertions="11" />
      <testcase name="validate no memory leaks during extended rendering" classname="Real-Time Streaming Simulation" time="0.506989" file="packages/libsidplayfp-wasm/test/realtime-playback.test.ts" line="210" assertions="1" />
    </testsuite>
    <testsuite name="Browser Audio API Simulation" file="packages/libsidplayfp-wasm/test/realtime-playback.test.ts" line="248" tests="1" assertions="1" failures="0" skipped="0" time="0.587" hostname="mickey">
      <testcase name="simulate AudioWorklet buffer consumption pattern" classname="Browser Audio API Simulation" time="0.587987" file="packages/libsidplayfp-wasm/test/realtime-playback.test.ts" line="249" assertions="1" />
    </testsuite>
  </testsuite>
  <testsuite name="packages/libsidplayfp-wasm/test/synthetic-tone.test.ts" file="packages/libsidplayfp-wasm/test/synthetic-tone.test.ts" tests="2" assertions="8" failures="0" skipped="0" time="0" hostname="mickey">
    <testsuite name="Synthetic C4 Tone Verification" file="packages/libsidplayfp-wasm/test/synthetic-tone.test.ts" line="122" tests="2" assertions="8" failures="0" skipped="0" time="2.215" hostname="mickey">
      <testcase name="verify C4 tone has perfect continuity" classname="Synthetic C4 Tone Verification" time="1.105976" file="packages/libsidplayfp-wasm/test/synthetic-tone.test.ts" line="123" assertions="6" />
      <testcase name="verify browser pipeline with synthetic tone" classname="Synthetic C4 Tone Verification" time="1.110976" file="packages/libsidplayfp-wasm/test/synthetic-tone.test.ts" line="286" assertions="2" />
    </testsuite>
  </testsuite>
  <testsuite name="packages/libsidplayfp-wasm/test/loader.test.ts" file="packages/libsidplayfp-wasm/test/loader.test.ts" tests="2" assertions="5" failures="0" skipped="0" time="0" hostname="mickey">
    <testsuite name="libsidplayfp wasm loader" file="packages/libsidplayfp-wasm/test/loader.test.ts" line="5" tests="2" assertions="5" failures="0" skipped="0" time="0.016" hostname="mickey">
      <testcase name="loads the wasm module and instantiates SidPlayerContext" classname="libsidplayfp wasm loader" time="0.016" file="packages/libsidplayfp-wasm/test/loader.test.ts" line="6" assertions="4" />
      <testcase name="renders zero samples when no SID is loaded" classname="libsidplayfp wasm loader" time="0.002" file="packages/libsidplayfp-wasm/test/loader.test.ts" line="16" assertions="1" />
    </testsuite>
  </testsuite>
  <testsuite name="packages/libsidplayfp-wasm/test/audio-continuity.test.ts" file="packages/libsidplayfp-wasm/test/audio-continuity.test.ts" tests="5" assertions="10" failures="0" skipped="0" time="0" hostname="mickey">
    <testsuite name="Audio Continuity Verification" file="packages/libsidplayfp-wasm/test/audio-continuity.test.ts" line="159" tests="5" assertions="10" failures="0" skipped="0" time="3.804" hostname="mickey">
      <testcase name="verify real SID produces continuous audio without gaps" classname="Audio Continuity Verification" time="0.652986" file="packages/libsidplayfp-wasm/test/audio-continuity.test.ts" line="160" assertions="3" />
      <testcase name="simulate EXACT browser playback: load → render → convert → verify" classname="Audio Continuity Verification" time="0.642986" file="packages/libsidplayfp-wasm/test/audio-continuity.test.ts" line="202" assertions="3" />
      <testcase name="measure conversion blocking and verify no long blocks" classname="Audio Continuity Verification" time="0.655986" file="packages/libsidplayfp-wasm/test/audio-continuity.test.ts" line="272" assertions="1" />
      <testcase name="stress test: rapid consecutive renders" classname="Audio Continuity Verification" time="1.142975" file="packages/libsidplayfp-wasm/test/audio-continuity.test.ts" line="315" assertions="2" />
      <testcase name="save rendered audio for manual inspection (WAV file)" classname="Audio Continuity Verification" time="0.713984" file="packages/libsidplayfp-wasm/test/audio-continuity.test.ts" line="351" assertions="1" />
    </testsuite>
  </testsuite>
  <testsuite name="packages/libsidplayfp-wasm/test/debug-render.test.ts" file="packages/libsidplayfp-wasm/test/debug-render.test.ts" tests="2" assertions="1" failures="0" skipped="0" time="0" hostname="mickey">
    <testsuite name="RenderCycles Debug" file="packages/libsidplayfp-wasm/test/debug-render.test.ts" line="15" tests="2" assertions="1" failures="0" skipped="0" time="2.011" hostname="mickey">
      <testcase name="inspect renderCycles output" classname="RenderCycles Debug" time="0.781983" file="packages/libsidplayfp-wasm/test/debug-render.test.ts" line="16" assertions="1" />
      <testcase name="inspect renderSeconds with detailed progress" classname="RenderCycles Debug" time="1.230973" file="packages/libsidplayfp-wasm/test/debug-render.test.ts" line="61" assertions="0" />
    </testsuite>
  </testsuite>
  <testsuite name="packages/libsidplayfp-wasm/test/performance.test.ts" file="packages/libsidplayfp-wasm/test/performance.test.ts" tests="7" assertions="308" failures="0" skipped="0" time="0" hostname="mickey">
    <testsuite name="WASM Rendering Performance" file="packages/libsidplayfp-wasm/test/performance.test.ts" line="27" tests="3" assertions="5" failures="0" skipped="0" time="1.522" hostname="mickey">
      <testcase name="measure render throughput (samples/second)" classname="WASM Rendering Performance" time="0.514989" file="packages/libsidplayfp-wasm/test/performance.test.ts" line="28" assertions="2" />
      <testcase name="measure cache build performance" classname="WASM Rendering Performance" time="0.498989" file="packages/libsidplayfp-wasm/test/performance.test.ts" line="63" assertions="1" />
      <testcase name="measure renderCycles call overhead" classname="WASM Rendering Performance" time="0.510989" file="packages/libsidplayfp-wasm/test/performance.test.ts" line="86" assertions="2" />
    </testsuite>
    <testsuite name="INT16 to Float32 Conversion Performance" file="packages/libsidplayfp-wasm/test/performance.test.ts" line="121" tests="2" assertions="2" failures="0" skipped="0" time="0.059" hostname="mickey">
      <testcase name="measure conversion speed for stereo buffer" classname="INT16 to Float32 Conversion Performance" time="0.030999" file="packages/libsidplayfp-wasm/test/performance.test.ts" line="122" assertions="2" />
      <testcase name="measure conversion with different chunk sizes" classname="INT16 to Float32 Conversion Performance" time="0.029999" file="packages/libsidplayfp-wasm/test/performance.test.ts" line="169" assertions="0" />
    </testsuite>
    <testsuite name="Memory Allocation Performance" file="packages/libsidplayfp-wasm/test/performance.test.ts" line="203" tests="1" assertions="300" failures="0" skipped="0" time="0.117" hostname="mickey">
      <testcase name="measure TypedArray allocation overhead" classname="Memory Allocation Performance" time="0.117997" file="packages/libsidplayfp-wasm/test/performance.test.ts" line="204" assertions="300" />
    </testsuite>
    <testsuite name="End-to-End Hot Path" file="packages/libsidplayfp-wasm/test/performance.test.ts" line="225" tests="1" assertions="1" failures="0" skipped="0" time="0.539" hostname="mickey">
      <testcase name="measure complete load-to-ready pipeline" classname="End-to-End Hot Path" time="0.539988" file="packages/libsidplayfp-wasm/test/performance.test.ts" line="226" assertions="1" />
    </testsuite>
  </testsuite>
  <testsuite name="packages/sidflow-web/tests/unit/telemetry.test.ts" file="packages/sidflow-web/tests/unit/telemetry.test.ts" tests="10" assertions="36" failures="0" skipped="0" time="0" hostname="mickey">
    <testsuite name="TelemetryService" file="packages/sidflow-web/tests/unit/telemetry.test.ts" line="8" tests="10" assertions="36" failures="0" skipped="0" time="0" hostname="mickey">
      <testcase name="should have default mode" classname="TelemetryService" time="0" file="packages/sidflow-web/tests/unit/telemetry.test.ts" line="19" assertions="1" />
      <testcase name="should allow setting mode" classname="TelemetryService" time="0" file="packages/sidflow-web/tests/unit/telemetry.test.ts" line="24" assertions="3" />
      <testcase name="should track events in test mode" classname="TelemetryService" time="0" file="packages/sidflow-web/tests/unit/telemetry.test.ts" line="35" assertions="5" />
      <testcase name="should not track events in disabled mode" classname="TelemetryService" time="0.001" file="packages/sidflow-web/tests/unit/telemetry.test.ts" line="58" assertions="1" />
      <testcase name="should track playback state changes" classname="TelemetryService" time="0" file="packages/sidflow-web/tests/unit/telemetry.test.ts" line="77" assertions="4" />
      <testcase name="should track audio metrics" classname="TelemetryService" time="0" file="packages/sidflow-web/tests/unit/telemetry.test.ts" line="97" assertions="5" />
      <testcase name="should track performance metrics" classname="TelemetryService" time="0" file="packages/sidflow-web/tests/unit/telemetry.test.ts" line="132" assertions="6" />
      <testcase name="should track errors" classname="TelemetryService" time="0" file="packages/sidflow-web/tests/unit/telemetry.test.ts" line="158" assertions="4" />
      <testcase name="sends beacons in production mode when available" classname="TelemetryService" time="0" file="packages/sidflow-web/tests/unit/telemetry.test.ts" line="176" assertions="6" />
      <testcase name="warns in development when sendBeacon throws" classname="TelemetryService" time="0" file="packages/sidflow-web/tests/unit/telemetry.test.ts" line="206" assertions="1" />
    </testsuite>
  </testsuite>
  <testsuite name="packages/sidflow-web/tests/unit/preferences-storage.test.ts" file="packages/sidflow-web/tests/unit/preferences-storage.test.ts" tests="4" assertions="6" failures="0" skipped="0" time="0" hostname="mickey">
    <testsuite name="preferences storage" file="packages/sidflow-web/tests/unit/preferences-storage.test.ts" line="51" tests="4" assertions="6" failures="0" skipped="0" time="0.003" hostname="mickey">
      <testcase name="reads null preferences when nothing stored" classname="preferences storage" time="0.003" file="packages/sidflow-web/tests/unit/preferences-storage.test.ts" line="52" assertions="1" />
      <testcase name="round trips preferences through indexeddb" classname="preferences storage" time="0.001" file="packages/sidflow-web/tests/unit/preferences-storage.test.ts" line="57" assertions="1" />
      <testcase name="stores and loads rom bundle files" classname="preferences storage" time="0.001" file="packages/sidflow-web/tests/unit/preferences-storage.test.ts" line="64" assertions="3" />
      <testcase name="removes rom bundle data by bundle id" classname="preferences storage" time="0.002" file="packages/sidflow-web/tests/unit/preferences-storage.test.ts" line="73" assertions="1" />
    </testsuite>
  </testsuite>
  <testsuite name="packages/sidflow-web/tests/unit/api-routes.test.ts" file="packages/sidflow-web/tests/unit/api-routes.test.ts" tests="5" assertions="6" failures="0" skipped="0" time="0" hostname="mickey">
    <testsuite name="Play API Route" file="packages/sidflow-web/tests/unit/api-routes.test.ts" line="8" tests="1" assertions="2" failures="0" skipped="0" time="0" hostname="mickey">
      <testcase name="should have correct request structure" classname="Play API Route" time="0.001" file="packages/sidflow-web/tests/unit/api-routes.test.ts" line="9" assertions="2" />
    </testsuite>
    <testsuite name="Rate API Route" file="packages/sidflow-web/tests/unit/api-routes.test.ts" line="21" tests="1" assertions="1" failures="0" skipped="0" time="0" hostname="mickey">
      <testcase name="should validate rating request schema" classname="Rate API Route" time="0" file="packages/sidflow-web/tests/unit/api-routes.test.ts" line="22" assertions="1" />
    </testsuite>
    <testsuite name="Classify API Route" file="packages/sidflow-web/tests/unit/api-routes.test.ts" line="33" tests="1" assertions="1" failures="0" skipped="0" time="0" hostname="mickey">
      <testcase name="should validate classify request schema" classname="Classify API Route" time="0" file="packages/sidflow-web/tests/unit/api-routes.test.ts" line="34" assertions="1" />
    </testsuite>
    <testsuite name="Fetch API Route" file="packages/sidflow-web/tests/unit/api-routes.test.ts" line="43" tests="1" assertions="1" failures="0" skipped="0" time="0" hostname="mickey">
      <testcase name="should validate fetch request schema" classname="Fetch API Route" time="0" file="packages/sidflow-web/tests/unit/api-routes.test.ts" line="44" assertions="1" />
    </testsuite>
    <testsuite name="Train API Route" file="packages/sidflow-web/tests/unit/api-routes.test.ts" line="54" tests="1" assertions="1" failures="0" skipped="0" time="0" hostname="mickey">
      <testcase name="should validate train request schema" classname="Train API Route" time="0" file="packages/sidflow-web/tests/unit/api-routes.test.ts" line="55" assertions="1" />
    </testsuite>
  </testsuite>
  <testsuite name="packages/sidflow-web/tests/unit/cli-executor.test.ts" file="packages/sidflow-web/tests/unit/cli-executor.test.ts" tests="9" assertions="23" failures="0" skipped="0" time="0" hostname="mickey">
    <testsuite name="executeCli" file="packages/sidflow-web/tests/unit/cli-executor.test.ts" line="10" tests="9" assertions="23" failures="0" skipped="0" time="0.772" hostname="mickey">
      <testcase name="executes successful command and captures stdout" classname="executeCli" time="0.019" file="packages/sidflow-web/tests/unit/cli-executor.test.ts" line="11" assertions="4" />
      <testcase name="captures stderr from command" classname="executeCli" time="0.017" file="packages/sidflow-web/tests/unit/cli-executor.test.ts" line="20" assertions="2" />
      <testcase name="handles command failure with non-zero exit code" classname="executeCli" time="0.018" file="packages/sidflow-web/tests/unit/cli-executor.test.ts" line="28" assertions="2" />
      <testcase name="handles timeout for long-running command" classname="executeCli" time="0.104998" file="packages/sidflow-web/tests/unit/cli-executor.test.ts" line="35" assertions="2" />
      <testcase name="handles non-existent command" classname="executeCli" time="0.004" file="packages/sidflow-web/tests/unit/cli-executor.test.ts" line="42" assertions="3" />
      <testcase name="passes arguments correctly" classname="executeCli" time="0.042999" file="packages/sidflow-web/tests/unit/cli-executor.test.ts" line="50" assertions="2" />
      <testcase name="respects custom timeout" classname="executeCli" time="0.504989" file="packages/sidflow-web/tests/unit/cli-executor.test.ts" line="57" assertions="2" />
      <testcase name="captures multiline output" classname="executeCli" time="0.048999" file="packages/sidflow-web/tests/unit/cli-executor.test.ts" line="66" assertions="4" />
      <testcase name="falls back to SIDFLOW_CLI_DIR when command is not in PATH" classname="executeCli" time="0.021" file="packages/sidflow-web/tests/unit/cli-executor.test.ts" line="75" assertions="2" />
    </testsuite>
  </testsuite>
  <testsuite name="packages/sidflow-web/tests/unit/api-client.test.ts" file="packages/sidflow-web/tests/unit/api-client.test.ts" tests="20" assertions="101" failures="0" skipped="0" time="0" hostname="mickey">
    <testsuite name="api-client POST helpers" file="packages/sidflow-web/tests/unit/api-client.test.ts" line="207" tests="9" assertions="54" failures="0" skipped="0" time="0" hostname="mickey">
      <testcase name="playTrack posts JSON payload to /api/play" classname="api-client POST helpers" time="0.001" file="packages/sidflow-web/tests/unit/api-client.test.ts" line="309" assertions="6" />
      <testcase name="playManualTrack posts JSON payload to /api/play/manual" classname="api-client POST helpers" time="0" file="packages/sidflow-web/tests/unit/api-client.test.ts" line="309" assertions="6" />
      <testcase name="rateTrack posts JSON payload to /api/rate" classname="api-client POST helpers" time="0" file="packages/sidflow-web/tests/unit/api-client.test.ts" line="309" assertions="6" />
      <testcase name="classifyPath posts JSON payload to /api/classify" classname="api-client POST helpers" time="0" file="packages/sidflow-web/tests/unit/api-client.test.ts" line="309" assertions="6" />
      <testcase name="updatePreferences posts JSON payload to /api/prefs" classname="api-client POST helpers" time="0" file="packages/sidflow-web/tests/unit/api-client.test.ts" line="309" assertions="6" />
      <testcase name="fetchHvsc posts JSON payload to /api/fetch" classname="api-client POST helpers" time="0" file="packages/sidflow-web/tests/unit/api-client.test.ts" line="309" assertions="6" />
      <testcase name="trainModel posts JSON payload to /api/train" classname="api-client POST helpers" time="0" file="packages/sidflow-web/tests/unit/api-client.test.ts" line="309" assertions="6" />
      <testcase name="controlRatePlayback posts JSON payload to /api/rate/control" classname="api-client POST helpers" time="0" file="packages/sidflow-web/tests/unit/api-client.test.ts" line="309" assertions="6" />
      <testcase name="controlClassification posts JSON payload to /api/classify/control" classname="api-client POST helpers" time="0" file="packages/sidflow-web/tests/unit/api-client.test.ts" line="309" assertions="6" />
    </testsuite>
    <testsuite name="api-client fetch wrappers" file="packages/sidflow-web/tests/unit/api-client.test.ts" line="325" tests="11" assertions="47" failures="0" skipped="0" time="0" hostname="mickey">
      <testcase name="getPreferences performs a GET request" classname="api-client fetch wrappers" time="0.001" file="packages/sidflow-web/tests/unit/api-client.test.ts" line="326" assertions="6" />
      <testcase name="listHvscFolders includes a relative query parameter when provided" classname="api-client fetch wrappers" time="0" file="packages/sidflow-web/tests/unit/api-client.test.ts" line="341" assertions="5" />
      <testcase name="listHvscFolders defaults to an empty query string" classname="api-client fetch wrappers" time="0" file="packages/sidflow-web/tests/unit/api-client.test.ts" line="355" assertions="3" />
      <testcase name="fetchHvscProgress requests current fetch status" classname="api-client fetch wrappers" time="0" file="packages/sidflow-web/tests/unit/api-client.test.ts" line="367" assertions="5" />
      <testcase name="getHvscPaths retrieves configured HVSC paths" classname="api-client fetch wrappers" time="0" file="packages/sidflow-web/tests/unit/api-client.test.ts" line="381" assertions="3" />
      <testcase name="getClassifyProgress fetches classify progress snapshots" classname="api-client fetch wrappers" time="0.001" file="packages/sidflow-web/tests/unit/api-client.test.ts" line="393" assertions="3" />
      <testcase name="getRatePlaybackStatus retrieves pause/playback state" classname="api-client fetch wrappers" time="0" file="packages/sidflow-web/tests/unit/api-client.test.ts" line="405" assertions="3" />
      <testcase name="requestRandomPlayTrack posts optional preset and preview flags" classname="api-client fetch wrappers" time="0" file="packages/sidflow-web/tests/unit/api-client.test.ts" line="417" assertions="6" />
      <testcase name="requestRandomPlayTrack omits optional fields when not provided" classname="api-client fetch wrappers" time="0" file="packages/sidflow-web/tests/unit/api-client.test.ts" line="435" assertions="3" />
      <testcase name="requestRandomRateTrack posts an empty body" classname="api-client fetch wrappers" time="0" file="packages/sidflow-web/tests/unit/api-client.test.ts" line="450" assertions="5" />
      <testcase name="getRatingHistory serializes query parameters when provided" classname="api-client fetch wrappers" time="0.001" file="packages/sidflow-web/tests/unit/api-client.test.ts" line="464" assertions="5" />
    </testsuite>
  </testsuite>
  <testsuite name="packages/sidflow-web/tests/unit/format-error.test.ts" file="packages/sidflow-web/tests/unit/format-error.test.ts" tests="2" assertions="2" failures="0" skipped="0" time="0" hostname="mickey">
    <testsuite name="formatApiError" file="packages/sidflow-web/tests/unit/format-error.test.ts" line="11" tests="2" assertions="2" failures="0" skipped="0" time="0" hostname="mickey">
      <testcase name="returns base error message when no details are present" classname="formatApiError" time="0" file="packages/sidflow-web/tests/unit/format-error.test.ts" line="12" assertions="1" />
      <testcase name="appends details when available" classname="formatApiError" time="0" file="packages/sidflow-web/tests/unit/format-error.test.ts" line="16" assertions="1" />
    </testsuite>
  </testsuite>
  <testsuite name="packages/sidflow-web/tests/unit/validation.test.ts" file="packages/sidflow-web/tests/unit/validation.test.ts" tests="24" assertions="29" failures="0" skipped="0" time="0" hostname="mickey">
    <testsuite name="PlayRequestSchema" file="packages/sidflow-web/tests/unit/validation.test.ts" line="13" tests="5" assertions="10" failures="0" skipped="0" time="0" hostname="mickey">
      <testcase name="validates valid play request" classname="PlayRequestSchema" time="0.001" file="packages/sidflow-web/tests/unit/validation.test.ts" line="14" assertions="1" />
      <testcase name="validates play request without preset" classname="PlayRequestSchema" time="0" file="packages/sidflow-web/tests/unit/validation.test.ts" line="20" assertions="1" />
      <testcase name="rejects empty sid_path" classname="PlayRequestSchema" time="0" file="packages/sidflow-web/tests/unit/validation.test.ts" line="26" assertions="1" />
      <testcase name="rejects invalid preset" classname="PlayRequestSchema" time="0.001" file="packages/sidflow-web/tests/unit/validation.test.ts" line="32" assertions="1" />
      <testcase name="accepts all valid presets" classname="PlayRequestSchema" time="0" file="packages/sidflow-web/tests/unit/validation.test.ts" line="38" assertions="6" />
    </testsuite>
    <testsuite name="RateRequestSchema" file="packages/sidflow-web/tests/unit/validation.test.ts" line="48" tests="5" assertions="5" failures="0" skipped="0" time="0" hostname="mickey">
      <testcase name="validates valid rate request" classname="RateRequestSchema" time="0" file="packages/sidflow-web/tests/unit/validation.test.ts" line="49" assertions="1" />
      <testcase name="rejects ratings outside 1-5 range" classname="RateRequestSchema" time="0" file="packages/sidflow-web/tests/unit/validation.test.ts" line="58" assertions="1" />
      <testcase name="rejects ratings above 5" classname="RateRequestSchema" time="0" file="packages/sidflow-web/tests/unit/validation.test.ts" line="67" assertions="1" />
      <testcase name="rejects non-integer ratings" classname="RateRequestSchema" time="0.001" file="packages/sidflow-web/tests/unit/validation.test.ts" line="76" assertions="1" />
      <testcase name="rejects missing rating dimensions" classname="RateRequestSchema" time="0" file="packages/sidflow-web/tests/unit/validation.test.ts" line="85" assertions="1" />
    </testsuite>
    <testsuite name="ClassifyRequestSchema" file="packages/sidflow-web/tests/unit/validation.test.ts" line="95" tests="3" assertions="3" failures="0" skipped="0" time="0" hostname="mickey">
      <testcase name="validates valid classify request" classname="ClassifyRequestSchema" time="0" file="packages/sidflow-web/tests/unit/validation.test.ts" line="96" assertions="1" />
      <testcase name="rejects empty path" classname="ClassifyRequestSchema" time="0" file="packages/sidflow-web/tests/unit/validation.test.ts" line="102" assertions="1" />
      <testcase name="allows missing path for auto-detection" classname="ClassifyRequestSchema" time="0" file="packages/sidflow-web/tests/unit/validation.test.ts" line="108" assertions="1" />
    </testsuite>
    <testsuite name="FetchRequestSchema" file="packages/sidflow-web/tests/unit/validation.test.ts" line="115" tests="4" assertions="4" failures="0" skipped="0" time="0" hostname="mickey">
      <testcase name="validates empty fetch request" classname="FetchRequestSchema" time="0" file="packages/sidflow-web/tests/unit/validation.test.ts" line="116" assertions="1" />
      <testcase name="validates fetch request with all options" classname="FetchRequestSchema" time="0.001" file="packages/sidflow-web/tests/unit/validation.test.ts" line="122" assertions="1" />
      <testcase name="rejects invalid URL" classname="FetchRequestSchema" time="0" file="packages/sidflow-web/tests/unit/validation.test.ts" line="132" assertions="1" />
      <testcase name="validates partial fetch request" classname="FetchRequestSchema" time="0" file="packages/sidflow-web/tests/unit/validation.test.ts" line="138" assertions="1" />
    </testsuite>
    <testsuite name="TrainRequestSchema" file="packages/sidflow-web/tests/unit/validation.test.ts" line="145" tests="7" assertions="7" failures="0" skipped="0" time="0" hostname="mickey">
      <testcase name="validates empty train request" classname="TrainRequestSchema" time="0.001" file="packages/sidflow-web/tests/unit/validation.test.ts" line="146" assertions="1" />
      <testcase name="validates train request with all options" classname="TrainRequestSchema" time="0" file="packages/sidflow-web/tests/unit/validation.test.ts" line="152" assertions="1" />
      <testcase name="rejects negative epochs" classname="TrainRequestSchema" time="0" file="packages/sidflow-web/tests/unit/validation.test.ts" line="165" assertions="1" />
      <testcase name="rejects zero batch size" classname="TrainRequestSchema" time="0" file="packages/sidflow-web/tests/unit/validation.test.ts" line="171" assertions="1" />
      <testcase name="rejects negative learning rate" classname="TrainRequestSchema" time="0" file="packages/sidflow-web/tests/unit/validation.test.ts" line="177" assertions="1" />
      <testcase name="rejects non-integer epochs" classname="TrainRequestSchema" time="0" file="packages/sidflow-web/tests/unit/validation.test.ts" line="183" assertions="1" />
      <testcase name="validates partial train request" classname="TrainRequestSchema" time="0" file="packages/sidflow-web/tests/unit/validation.test.ts" line="189" assertions="1" />
    </testsuite>
  </testsuite>
  <testsuite name="packages/sidflow-web/tests/unit/sab-ring-buffer.test.ts" file="packages/sidflow-web/tests/unit/sab-ring-buffer.test.ts" tests="8" assertions="662" failures="0" skipped="0" time="0" hostname="mickey">
    <testsuite name="SAB Ring Buffer" file="packages/sidflow-web/tests/unit/sab-ring-buffer.test.ts" line="12" tests="8" assertions="662" failures="0" skipped="0" time="0" hostname="mickey">
      <testcase name="creates buffer with correct alignment" classname="SAB Ring Buffer" time="0" file="packages/sidflow-web/tests/unit/sab-ring-buffer.test.ts" line="13" assertions="4" />
      <testcase name="producer and consumer can write and read" classname="SAB Ring Buffer" time="0.001" file="packages/sidflow-web/tests/unit/sab-ring-buffer.test.ts" line="27" assertions="264" />
      <testcase name="handles wrap-around correctly" classname="SAB Ring Buffer" time="0" file="packages/sidflow-web/tests/unit/sab-ring-buffer.test.ts" line="68" assertions="257" />
      <testcase name="enforces block alignment" classname="SAB Ring Buffer" time="0.001" file="packages/sidflow-web/tests/unit/sab-ring-buffer.test.ts" line="109" assertions="2" />
      <testcase name="handles backpressure when full" classname="SAB Ring Buffer" time="0" file="packages/sidflow-web/tests/unit/sab-ring-buffer.test.ts" line="129" assertions="1" />
      <testcase name="handles underrun when empty" classname="SAB Ring Buffer" time="0" file="packages/sidflow-web/tests/unit/sab-ring-buffer.test.ts" line="147" assertions="1" />
      <testcase name="concurrent operations maintain consistency" classname="SAB Ring Buffer" time="0" file="packages/sidflow-web/tests/unit/sab-ring-buffer.test.ts" line="164" assertions="4" />
      <testcase name="mono channel support" classname="SAB Ring Buffer" time="0" file="packages/sidflow-web/tests/unit/sab-ring-buffer.test.ts" line="206" assertions="129" />
    </testsuite>
  </testsuite>
  <testsuite name="packages/sidflow-web/tests/unit/cli-executor.integration.test.ts" file="packages/sidflow-web/tests/unit/cli-executor.integration.test.ts" tests="2" assertions="8" failures="0" skipped="0" time="0" hostname="mickey">
    <testsuite name="executeCli" file="packages/sidflow-web/tests/unit/cli-executor.integration.test.ts" line="4" tests="2" assertions="8" failures="0" skipped="0" time="0.095" hostname="mickey">
      <testcase name="captures stdout/stderr for successful commands" classname="executeCli" time="0.043999" file="packages/sidflow-web/tests/unit/cli-executor.integration.test.ts" line="5" assertions="5" />
      <testcase name="returns timeout result when command exceeds limit" classname="executeCli" time="0.052999" file="packages/sidflow-web/tests/unit/cli-executor.integration.test.ts" line="25" assertions="3" />
    </testsuite>
  </testsuite>
  <testsuite name="packages/sidflow-web/tests/unit/play-tab-helpers.test.ts" file="packages/sidflow-web/tests/unit/play-tab-helpers.test.ts" tests="3" assertions="11" failures="0" skipped="0" time="0" hostname="mickey">
    <testsuite name="PlayTab helpers" file="packages/sidflow-web/tests/unit/play-tab-helpers.test.ts" line="9" tests="3" assertions="11" failures="0" skipped="0" time="0" hostname="mickey">
      <testcase name="formats seconds into mm:ss" classname="PlayTab helpers" time="0.001" file="packages/sidflow-web/tests/unit/play-tab-helpers.test.ts" line="43" assertions="3" />
      <testcase name="parses mixed length strings safely" classname="PlayTab helpers" time="0" file="packages/sidflow-web/tests/unit/play-tab-helpers.test.ts" line="49" assertions="5" />
      <testcase name="deduplicates playlist entries by sidPath while preserving first occurrences" classname="PlayTab helpers" time="0" file="packages/sidflow-web/tests/unit/play-tab-helpers.test.ts" line="57" assertions="3" />
    </testsuite>
  </testsuite>
  <testsuite name="packages/sidflow-web/tests/unit/offline-storage.test.ts" file="packages/sidflow-web/tests/unit/offline-storage.test.ts" tests="4" assertions="11" failures="0" skipped="0" time="0" hostname="mickey">
    <testsuite name="playback cache" file="packages/sidflow-web/tests/unit/offline-storage.test.ts" line="77" tests="2" assertions="3" failures="0" skipped="0" time="0.002" hostname="mickey">
      <testcase name="stores and lists cached tracks in most-recent order" classname="playback cache" time="0.002" file="packages/sidflow-web/tests/unit/offline-storage.test.ts" line="78" assertions="1" />
      <testcase name="prunes cached tracks beyond max entries" classname="playback cache" time="0.002" file="packages/sidflow-web/tests/unit/offline-storage.test.ts" line="91" assertions="2" />
    </testsuite>
    <testsuite name="playback queue" file="packages/sidflow-web/tests/unit/offline-storage.test.ts" line="103" tests="2" assertions="8" failures="0" skipped="0" time="0.003" hostname="mickey">
      <testcase name="deduplicates rebuild requests and tracks counts" classname="playback queue" time="0.002" file="packages/sidflow-web/tests/unit/offline-storage.test.ts" line="104" assertions="2" />
      <testcase name="flushes queue entries and keeps failures for retry" classname="playback queue" time="0.003" file="packages/sidflow-web/tests/unit/offline-storage.test.ts" line="118" assertions="6" />
    </testsuite>
  </testsuite>
  <testsuite name="packages/sidflow-web/tests/unit/sidplayfp-config.test.ts" file="packages/sidflow-web/tests/unit/sidplayfp-config.test.ts" tests="2" assertions="16" failures="0" skipped="0" time="0" hostname="mickey">
    <testsuite name="sidplayfp-config helpers" file="packages/sidflow-web/tests/unit/sidplayfp-config.test.ts" line="7" tests="2" assertions="16" failures="0" skipped="0" time="0.004" hostname="mickey">
      <testcase name="creates config when saving ROM paths" classname="sidplayfp-config helpers" time="0.005" file="packages/sidflow-web/tests/unit/sidplayfp-config.test.ts" line="22" assertions="10" />
      <testcase name="removes ROM entry when cleared" classname="sidplayfp-config helpers" time="0.001" file="packages/sidflow-web/tests/unit/sidplayfp-config.test.ts" line="43" assertions="6" />
    </testsuite>
  </testsuite>
  <testsuite name="packages/sidflow-web/tests/unit/preferences-schema.test.ts" file="packages/sidflow-web/tests/unit/preferences-schema.test.ts" tests="6" assertions="18" failures="0" skipped="0" time="0" hostname="mickey">
    <testsuite name="BrowserPreferences schema" file="packages/sidflow-web/tests/unit/preferences-schema.test.ts" line="11" tests="6" assertions="18" failures="0" skipped="0" time="0" hostname="mickey">
      <testcase name="parses default preferences" classname="BrowserPreferences schema" time="0" file="packages/sidflow-web/tests/unit/preferences-schema.test.ts" line="12" assertions="3" />
      <testcase name="migrates empty object to defaults" classname="BrowserPreferences schema" time="0.001" file="packages/sidflow-web/tests/unit/preferences-schema.test.ts" line="19" assertions="3" />
      <testcase name="migrates v0 legacy fields" classname="BrowserPreferences schema" time="0" file="packages/sidflow-web/tests/unit/preferences-schema.test.ts" line="26" assertions="3" />
      <testcase name="migrates v1 payload and clamps invalid values" classname="BrowserPreferences schema" time="0" file="packages/sidflow-web/tests/unit/preferences-schema.test.ts" line="33" assertions="6" />
      <testcase name="keeps rom bundle identifier when provided" classname="BrowserPreferences schema" time="0.001" file="packages/sidflow-web/tests/unit/preferences-schema.test.ts" line="50" assertions="1" />
      <testcase name="maps legacy stream-mp3 engine to stream-m4a" classname="BrowserPreferences schema" time="0" file="packages/sidflow-web/tests/unit/preferences-schema.test.ts" line="66" assertions="2" />
    </testsuite>
  </testsuite>
  <testsuite name="packages/sidflow-web/tests/unit/worklet-guard.test.ts" file="packages/sidflow-web/tests/unit/worklet-guard.test.ts" tests="2" assertions="11" failures="0" skipped="0" time="0" hostname="mickey">
    <testsuite name="WorkletGuard" file="packages/sidflow-web/tests/unit/worklet-guard.test.ts" line="61" tests="2" assertions="11" failures="0" skipped="0" time="0" hostname="mickey">
      <testcase name="emits warnings when average frame duration exceeds budget" classname="WorkletGuard" time="0" file="packages/sidflow-web/tests/unit/worklet-guard.test.ts" line="62" assertions="6" />
      <testcase name="records summary stats on stop" classname="WorkletGuard" time="0" file="packages/sidflow-web/tests/unit/worklet-guard.test.ts" line="90" assertions="5" />
    </testsuite>
  </testsuite>
  <testsuite name="packages/sidflow-web/tests/unit/admin-auth.test.ts" file="packages/sidflow-web/tests/unit/admin-auth.test.ts" tests="9" assertions="23" failures="0" skipped="0" time="0" hostname="mickey">
    <testsuite name="admin auth" file="packages/sidflow-web/tests/unit/admin-auth.test.ts" line="38" tests="9" assertions="23" failures="0" skipped="0" time="0.004" hostname="mickey">
      <testcase name="rejects unauthorized credentials" classname="admin auth" time="0.001" file="packages/sidflow-web/tests/unit/admin-auth.test.ts" line="39" assertions="1" />
      <testcase name="blocks role escalation attempts via tampered session tokens" classname="admin auth" time="0.005" file="packages/sidflow-web/tests/unit/admin-auth.test.ts" line="45" assertions="2" />
      <testcase name="expires sessions when past the configured TTL" classname="admin auth" time="0.001" file="packages/sidflow-web/tests/unit/admin-auth.test.ts" line="61" assertions="2" />
      <testcase name="generates config defaults and memoizes across calls" classname="admin auth" time="0" file="packages/sidflow-web/tests/unit/admin-auth.test.ts" line="70" assertions="3" />
      <testcase name="throws when admin password is not configured" classname="admin auth" time="0" file="packages/sidflow-web/tests/unit/admin-auth.test.ts" line="84" assertions="1" />
      <testcase name="parses valid credentials and rejects malformed headers" classname="admin auth" time="0" file="packages/sidflow-web/tests/unit/admin-auth.test.ts" line="90" assertions="5" />
      <testcase name="round-trips and validates session payloads" classname="admin auth" time="0.001" file="packages/sidflow-web/tests/unit/admin-auth.test.ts" line="101" assertions="4" />
      <testcase name="identifies sessions that require renewal" classname="admin auth" time="0.001" file="packages/sidflow-web/tests/unit/admin-auth.test.ts" line="122" assertions="2" />
      <testcase name="validates missing tokens and builds unauthorized responses" classname="admin auth" time="0" file="packages/sidflow-web/tests/unit/admin-auth.test.ts" line="135" assertions="3" />
    </testsuite>
  </testsuite>
  <testsuite name="packages/sidflow-web/tests/unit/playback-facade.test.ts" file="packages/sidflow-web/tests/unit/playback-facade.test.ts" tests="5" assertions="9" failures="0" skipped="0" time="0" hostname="mickey">
    <testsuite name="PlaybackFacade" file="packages/sidflow-web/tests/unit/playback-facade.test.ts" line="61" tests="5" assertions="9" failures="0" skipped="0" time="0" hostname="mickey">
      <testcase name="registers adapters and sets preferred adapter automatically" classname="PlaybackFacade" time="0.001" file="packages/sidflow-web/tests/unit/playback-facade.test.ts" line="62" assertions="3" />
      <testcase name="chooses preferred adapter when available" classname="PlaybackFacade" time="0" file="packages/sidflow-web/tests/unit/playback-facade.test.ts" line="72" assertions="2" />
      <testcase name="falls back to next adapter when preferred is unavailable" classname="PlaybackFacade" time="0.001" file="packages/sidflow-web/tests/unit/playback-facade.test.ts" line="101" assertions="2" />
      <testcase name="throws when no adapters are available" classname="PlaybackFacade" time="0" file="packages/sidflow-web/tests/unit/playback-facade.test.ts" line="130" assertions="1" />
      <testcase name="tears down active controller when changing preferred adapter" classname="PlaybackFacade" time="0" file="packages/sidflow-web/tests/unit/playback-facade.test.ts" line="158" assertions="1" />
    </testsuite>
  </testsuite>
</testsuites>
